Component: Arm Compiler for Embedded 6.19 Tool: armlink [5e73cb00]

==============================================================================

Section Cross References

    startup_stm32h750xx.o(RESET) refers to startup_stm32h750xx.o(STACK) for __initial_sp
    startup_stm32h750xx.o(RESET) refers to startup_stm32h750xx.o(.text) for Reset_Handler
    startup_stm32h750xx.o(RESET) refers to stm32h7xx_it.o(.text.NMI_Handler) for NMI_Handler
    startup_stm32h750xx.o(RESET) refers to context_rvds.o(.text) for HardFault_Handler
    startup_stm32h750xx.o(RESET) refers to stm32h7xx_it.o(.text.BusFault_Handler) for BusFault_Handler
    startup_stm32h750xx.o(RESET) refers to stm32h7xx_it.o(.text.UsageFault_Handler) for UsageFault_Handler
    startup_stm32h750xx.o(RESET) refers to stm32h7xx_it.o(.text.SVC_Handler) for SVC_Handler
    startup_stm32h750xx.o(RESET) refers to stm32h7xx_it.o(.text.DebugMon_Handler) for DebugMon_Handler
    startup_stm32h750xx.o(RESET) refers to drv_common.o(.text.SysTick_Handler) for SysTick_Handler
    startup_stm32h750xx.o(RESET) refers to drv_gpio.o(.text.EXTI0_IRQHandler) for EXTI0_IRQHandler
    startup_stm32h750xx.o(RESET) refers to drv_gpio.o(.text.EXTI1_IRQHandler) for EXTI1_IRQHandler
    startup_stm32h750xx.o(RESET) refers to drv_gpio.o(.text.EXTI2_IRQHandler) for EXTI2_IRQHandler
    startup_stm32h750xx.o(RESET) refers to drv_gpio.o(.text.EXTI3_IRQHandler) for EXTI3_IRQHandler
    startup_stm32h750xx.o(RESET) refers to drv_gpio.o(.text.EXTI4_IRQHandler) for EXTI4_IRQHandler
    startup_stm32h750xx.o(RESET) refers to stm32h7xx_it.o(.text.DMA1_Stream0_IRQHandler) for DMA1_Stream0_IRQHandler
    startup_stm32h750xx.o(RESET) refers to drv_gpio.o(.text.EXTI9_5_IRQHandler) for EXTI9_5_IRQHandler
    startup_stm32h750xx.o(RESET) refers to drv_usart_v2.o(.text.USART1_IRQHandler) for USART1_IRQHandler
    startup_stm32h750xx.o(RESET) refers to drv_gpio.o(.text.EXTI15_10_IRQHandler) for EXTI15_10_IRQHandler
    startup_stm32h750xx.o(.text) refers to system_stm32h7xx.o(.text.SystemInit) for SystemInit
    startup_stm32h750xx.o(.text) refers to entry.o(.ARM.Collect$$$$00000000) for __main
    main.o(.text.main) refers to pin.o(.text.rt_pin_mode) for rt_pin_mode
    main.o(.text.main) refers to pin.o(.text.rt_pin_write) for rt_pin_write
    main.o(.text.main) refers to thread.o(.text.rt_thread_mdelay) for rt_thread_mdelay
    main.o(.ARM.exidx.text.main) refers to main.o(.text.main) for [Anonymous Symbol]
    threads.o(.text.Threads_Init) refers to threads.o(.rodata.str1.1) for .L.str
    threads.o(.text.Threads_Init) refers to threads.o(.text.MatrixControl_Entry) for MatrixControl_Entry
    threads.o(.text.Threads_Init) refers to thread.o(.text.rt_thread_create) for rt_thread_create
    threads.o(.text.Threads_Init) refers to threads.o(.bss.tid1) for tid1
    threads.o(.text.Threads_Init) refers to thread.o(.text.rt_thread_startup) for rt_thread_startup
    threads.o(.text.Threads_Init) refers to threads.o(.text.CurrentSensor_Entry) for CurrentSensor_Entry
    threads.o(.text.Threads_Init) refers to threads.o(.bss.tid2) for tid2
    threads.o(.ARM.exidx.text.Threads_Init) refers to threads.o(.text.Threads_Init) for [Anonymous Symbol]
    threads.o(.text.MatrixControl_Entry) refers to pin.o(.text.rt_pin_mode) for rt_pin_mode
    threads.o(.text.MatrixControl_Entry) refers to netmanager.o(.text.initPath) for initPath
    threads.o(.text.MatrixControl_Entry) refers to netmanager.o(.text.sendAllPaths) for sendAllPaths
    threads.o(.text.MatrixControl_Entry) refers to pin.o(.text.rt_pin_write) for rt_pin_write
    threads.o(.text.MatrixControl_Entry) refers to 2812_driver.o(.text.RGB_RED) for RGB_RED
    threads.o(.text.MatrixControl_Entry) refers to thread.o(.text.rt_thread_mdelay) for rt_thread_mdelay
    threads.o(.text.MatrixControl_Entry) refers to 2812_driver.o(.text.RGB_GREEN) for RGB_GREEN
    threads.o(.ARM.exidx.text.MatrixControl_Entry) refers to threads.o(.text.MatrixControl_Entry) for [Anonymous Symbol]
    threads.o(.text.CurrentSensor_Entry) refers to ina219.o(.data.Sensor_1) for Sensor_1
    threads.o(.text.CurrentSensor_Entry) refers to driver_ina219.o(.text.ina219_init) for ina219_init
    threads.o(.text.CurrentSensor_Entry) refers to ina219.o(.data.Sensor_2) for Sensor_2
    threads.o(.text.CurrentSensor_Entry) refers to driver_ina219.o(.text.ina219_calculate_calibration) for ina219_calculate_calibration
    threads.o(.text.CurrentSensor_Entry) refers to driver_ina219.o(.text.ina219_set_calibration) for ina219_set_calibration
    threads.o(.text.CurrentSensor_Entry) refers to threads.o(.bss.raw) for raw
    threads.o(.text.CurrentSensor_Entry) refers to threads.o(.bss.mA) for mA
    threads.o(.text.CurrentSensor_Entry) refers to driver_ina219.o(.text.ina219_read_current) for ina219_read_current
    threads.o(.text.CurrentSensor_Entry) refers to thread.o(.text.rt_thread_mdelay) for rt_thread_mdelay
[...]
    0x08001d68   0x08001d68   0x000006aa   Code   RO          769    .text.HAL_DMA_Abort_IT  stm32h7xx_hal_dma.o
    0x08002412   0x08002412   0x00000006   PAD
    0x08002418   0x08002418   0x000011c0   Code   RO          773    .text.HAL_DMA_IRQHandler  stm32h7xx_hal_dma.o
    0x080035d8   0x080035d8   0x00000962   Code   RO          749    .text.HAL_DMA_Init  stm32h7xx_hal_dma.o
    0x08003f3a   0x08003f3a   0x00000006   PAD
    0x08003f40   0x08003f40   0x00000702   Code   RO          765    .text.HAL_DMA_Start_IT  stm32h7xx_hal_dma.o
    0x08004642   0x08004642   0x00000006   PAD
    0x08004648   0x08004648   0x00000246   Code   RO          699    .text.HAL_GPIO_DeInit  stm32h7xx_hal_gpio.o
    0x0800488e   0x0800488e   0x00000002   PAD
    0x08004890   0x08004890   0x00000018   Code   RO         2882    .text.HAL_GPIO_EXTI_Callback  drv_gpio.o
    0x080048a8   0x080048a8   0x00000034   Code   RO          709    .text.HAL_GPIO_EXTI_IRQHandler  stm32h7xx_hal_gpio.o
    0x080048dc   0x080048dc   0x00000004   PAD
    0x080048e0   0x080048e0   0x000003c4   Code   RO          697    .text.HAL_GPIO_Init  stm32h7xx_hal_gpio.o
    0x08004ca4   0x08004ca4   0x00000004   PAD
    0x08004ca8   0x08004ca8   0x0000002e   Code   RO          701    .text.HAL_GPIO_ReadPin  stm32h7xx_hal_gpio.o
    0x08004cd6   0x08004cd6   0x00000002   PAD
    0x08004cd8   0x08004cd8   0x0000002e   Code   RO          703    .text.HAL_GPIO_WritePin  stm32h7xx_hal_gpio.o
    0x08004d06   0x08004d06   0x00000002   PAD
    0x08004d08   0x08004d08   0x0000000e   Code   RO         1021    .text.HAL_GetREVID  stm32h7xx_hal.o
    0x08004d16   0x08004d16   0x00000002   PAD
    0x08004d18   0x08004d18   0x00000026   Code   RO         2855    .text.HAL_GetTick   drv_common.o
    0x08004d3e   0x08004d3e   0x00000002   PAD
    0x08004d40   0x08004d40   0x0000001a   Code   RO         2853    .text.HAL_IncTick   drv_common.o
    0x08004d5a   0x08004d5a   0x00000006   PAD
    0x08004d60   0x08004d60   0x0000007a   Code   RO          993    .text.HAL_Init      stm32h7xx_hal.o
    0x08004dda   0x08004dda   0x00000006   PAD
    0x08004de0   0x08004de0   0x00000010   Code   RO         2865    .text.HAL_InitTick  drv_common.o
    0x08004df0   0x08004df0   0x00000024   Code   RO         2966    .text.HAL_MspInit   stm32h7xx_hal_msp.o
    0x08004e14   0x08004e14   0x00000004   PAD
    0x08004e18   0x08004e18   0x00000014   Code   RO           95    .text.HAL_NVIC_DisableIRQ  stm32h7xx_hal_cortex.o
    0x08004e2c   0x08004e2c   0x00000004   PAD
    0x08004e30   0x08004e30   0x00000014   Code   RO           91    .text.HAL_NVIC_EnableIRQ  stm32h7xx_hal_cortex.o
    0x08004e44   0x08004e44   0x00000004   PAD
    0x08004e48   0x08004e48   0x0000002e   Code   RO           83    .text.HAL_NVIC_SetPriority  stm32h7xx_hal_cortex.o
    0x08004e76   0x08004e76   0x00000002   PAD
    0x08004e78   0x08004e78   0x00000010   Code   RO           79    .text.HAL_NVIC_SetPriorityGrouping  stm32h7xx_hal_cortex.o
    0x08004e88   0x08004e88   0x000000a2   Code   RO          906    .text.HAL_PWREx_ConfigSupply  stm32h7xx_hal_pwr_ex.o
    0x08004f2a   0x08004f2a   0x00000006   PAD
    0x08004f30   0x08004f30   0x00000026   Code   RO          555    .text.HAL_RCCEx_GetD3PCLK1Freq  stm32h7xx_hal_rcc_ex.o
    0x08004f56   0x08004f56   0x00000002   PAD
    0x08004f58   0x08004f58   0x000002ac   Code   RO          551    .text.HAL_RCCEx_GetPLL2ClockFreq  stm32h7xx_hal_rcc_ex.o
    0x08005204   0x08005204   0x00000004   PAD
    0x08005208   0x08005208   0x000002ac   Code   RO          553    .text.HAL_RCCEx_GetPLL3ClockFreq  stm32h7xx_hal_rcc_ex.o
    0x080054b4   0x080054b4   0x00000004   PAD
    0x080054b8   0x080054b8   0x000010a0   Code   RO          539    .text.HAL_RCCEx_PeriphCLKConfig  stm32h7xx_hal_rcc_ex.o
    0x08006558   0x08006558   0x00000498   Code   RO          508    .text.HAL_RCC_ClockConfig  stm32h7xx_hal_rcc.o
    0x080069f0   0x080069f0   0x00000056   Code   RO          518    .text.HAL_RCC_GetHCLKFreq  stm32h7xx_hal_rcc.o
    0x08006a46   0x08006a46   0x00000002   PAD
    0x08006a48   0x08006a48   0x00000026   Code   RO          520    .text.HAL_RCC_GetPCLK1Freq  stm32h7xx_hal_rcc.o
    0x08006a6e   0x08006a6e   0x00000002   PAD
    0x08006a70   0x08006a70   0x00000026   Code   RO          522    .text.HAL_RCC_GetPCLK2Freq  stm32h7xx_hal_rcc.o
    0x08006a96   0x08006a96   0x00000002   PAD
    0x08006a98   0x08006a98   0x00000310   Code   RO          510    .text.HAL_RCC_GetSysClockFreq  stm32h7xx_hal_rcc.o
    0x08006da8   0x08006da8   0x00000b58   Code   RO          506    .text.HAL_RCC_OscConfig  stm32h7xx_hal_rcc.o
    0x08007900   0x08007900   0x00000010   Code   RO          103    .text.HAL_SYSTICK_Config  stm32h7xx_hal_cortex.o
    0x08007910   0x08007910   0x00000112   Code   RO          475    .text.HAL_TIMEx_ConfigBreakDeadTime  stm32h7xx_hal_tim_ex.o
    0x08007a22   0x08007a22   0x00000006   PAD
    0x08007a28   0x08007a28   0x00000158   Code   RO          473    .text.HAL_TIMEx_MasterConfigSynchronization  stm32h7xx_hal_tim_ex.o
    0x08007b80   0x08007b80   0x00000008   Code   RO          378    .text.HAL_TIM_ErrorCallback  stm32h7xx_hal_tim.o
    0x08007b88   0x08007b88   0x00000066   Code   RO         2970    .text.HAL_TIM_MspPostInit  stm32h7xx_hal_msp.o
    0x08007bee   0x08007bee   0x00000002   PAD
    0x08007bf0   0x08007bf0   0x000001b0   Code   RO          326    .text.HAL_TIM_PWM_ConfigChannel  stm32h7xx_hal_tim.o
    0x08007da0   0x08007da0   0x000000a8   Code   RO          210    .text.HAL_TIM_PWM_Init  stm32h7xx_hal_tim.o
    0x08007e48   0x08007e48   0x0000009c   Code   RO         2968    .text.HAL_TIM_PWM_MspInit  stm32h7xx_hal_msp.o
    0x08007ee4   0x08007ee4   0x00000004   PAD
    0x08007ee8   0x08007ee8   0x00000008   Code   RO          296    .text.HAL_TIM_PWM_PulseFinishedCallback  stm32h7xx_hal_tim.o
    0x08007ef0   0x08007ef0   0x00000008   Code   RO          374    .text.HAL_TIM_PWM_PulseFinishedHalfCpltCallback  stm32h7xx_hal_tim.o
    0x08007ef8   0x08007ef8   0x000004be   Code   RO          226    .text.HAL_TIM_PWM_Start_DMA  stm32h7xx_hal_tim.o
    0x080083b6   0x080083b6   0x00000002   PAD
    0x080083b8   0x080083b8   0x0000000c   Code   RO         1406    .text.HAL_UARTEx_RxEventCallback  stm32h7xx_hal_uart.o
    0x080083c4   0x080083c4   0x00000004   PAD
    0x080083c8   0x080083c8   0x00000008   Code   RO         1464    .text.HAL_UARTEx_RxFifoFullCallback  stm32h7xx_hal_uart_ex.o
    0x080083d0   0x080083d0   0x00000008   Code   RO         1466    .text.HAL_UARTEx_TxFifoEmptyCallback  stm32h7xx_hal_uart_ex.o
    0x080083d8   0x080083d8   0x00000008   Code   RO         1462    .text.HAL_UARTEx_WakeupCallback  stm32h7xx_hal_uart_ex.o
    0x080083e0   0x080083e0   0x0000007c   Code   RO         1328    .text.HAL_UART_DeInit  stm32h7xx_hal_uart.o
    0x0800845c   0x0800845c   0x00000004   PAD
    0x08008460   0x08008460   0x00000008   Code   RO         1404    .text.HAL_UART_ErrorCallback  stm32h7xx_hal_uart.o
    0x08008468   0x08008468   0x000006c8   Code   RO         1400    .text.HAL_UART_IRQHandler  stm32h7xx_hal_uart.o
    0x08008b30   0x08008b30   0x000000aa   Code   RO         1312    .text.HAL_UART_Init  stm32h7xx_hal_uart.o
    0x08008bda   0x08008bda   0x00000006   PAD
    0x08008be0   0x08008be0   0x0000003c   Code   RO         2976    .text.HAL_UART_MspDeInit  stm32h7xx_hal_msp.o
    0x08008c1c   0x08008c1c   0x00000004   PAD
    0x08008c20   0x08008c20   0x000000e4   Code   RO         2974    .text.HAL_UART_MspInit  stm32h7xx_hal_msp.o
    0x08008d04   0x08008d04   0x00000004   PAD
    0x08008d08   0x08008d08   0x00000108   Code   RO         1352    .text.HAL_UART_Transmit_DMA  stm32h7xx_hal_uart.o
    0x08008e10   0x08008e10   0x00000008   Code   RO         1410    .text.HAL_UART_TxCpltCallback  stm32h7xx_hal_uart.o
    0x08008e18   0x08008e18   0x00000008   Code   RO         1412    .text.HAL_UART_TxHalfCpltCallback  stm32h7xx_hal_uart.o
    0x08008e20   0x08008e20   0x00000010   Code   RO         3073    .text.INA219_Debug_Print  ina219.o
    0x08008e30   0x08008e30   0x00000010   Code   RO         3071    .text.INA219_Delay_ms  ina219.o
    0x08008e40   0x08008e40   0x00000004   Code   RO         3077    .text.INA219_I2C_Deinit  ina219.o
    0x08008e44   0x08008e44   0x00000004   PAD
    0x08008e48   0x08008e48   0x00000004   Code   RO         3075    .text.INA219_I2C_Init  ina219.o
    0x08008e4c   0x08008e4c   0x00000004   PAD
    0x08008e50   0x08008e50   0x000000aa   Code   RO         3067    .text.INA219_I2C_Read  ina219.o
    0x08008efa   0x08008efa   0x00000006   PAD
    0x08008f00   0x08008f00   0x0000008e   Code   RO         3069    .text.INA219_I2C_Write  ina219.o
    0x08008f8e   0x08008f8e   0x00000002   PAD
    0x08008f90   0x08008f90   0x00000038   Code   RO         2821    .text.MX_DMA_Init   board.o
    0x08008fc8   0x08008fc8   0x00000112   Code   RO         2823    .text.MX_TIM1_Init  board.o
    0x080090da   0x080090da   0x00000006   PAD
    0x080090e0   0x080090e0   0x0000004a   Code   RO           22    .text.MatrixControl_Entry  threads.o
    0x0800912a   0x0800912a   0x00000006   PAD
    0x08009130   0x08009130   0x00000004   Code   RO           60    .text.NMI_Handler   stm32h7xx_it.o
    0x08009134   0x08009134   0x00000004   PAD
    0x08009138   0x08009138   0x0000006c   Code   RO           89    .text.NVIC_EncodePriority  stm32h7xx_hal_cortex.o
    0x080091a4   0x080091a4   0x00000004   PAD
    0x080091a8   0x080091a8   0x000001ca   Code   RO          541    .text.RCCEx_PLL2_Config  stm32h7xx_hal_rcc_ex.o
    0x08009372   0x08009372   0x00000006   PAD
    0x08009378   0x08009378   0x000001ca   Code   RO          543    .text.RCCEx_PLL3_Config  stm32h7xx_hal_rcc_ex.o
    0x08009542   0x08009542   0x00000006   PAD
    0x08009548   0x08009548   0x00000050   Code   RO         3099    .text.RGB_GREEN     2812_driver.o
    0x08009598   0x08009598   0x0000004e   Code   RO         3097    .text.RGB_RED       2812_driver.o
    0x080095e6   0x080095e6   0x00000002   PAD
    0x080095e8   0x080095e8   0x0000001e   Code   RO         3095    .text.RGB_SendArray  2812_driver.o
    0x08009606   0x08009606   0x00000002   PAD
    0x08009608   0x08009608   0x00000118   Code   RO         3091    .text.RGB_SetColor  2812_driver.o
    0x08009720   0x08009720   0x0000003e   Code   RO         3093    .text.Reset_Load    2812_driver.o
    0x0800975e   0x0800975e   0x00000002   PAD
    0x08009760   0x08009760   0x00000064   Code   RO         2796    .text.SCL_H         i2c-bit-ops.o
    0x080097c4   0x080097c4   0x00000004   PAD
    0x080097c8   0x080097c8   0x00000002   Code   RO           66    .text.SVC_Handler   stm32h7xx_it.o
    0x080097ca   0x080097ca   0x00000006   PAD
    0x080097d0   0x080097d0   0x00000052   Code   RO          105    .text.SysTick_Config  stm32h7xx_hal_cortex.o
    0x08009822   0x08009822   0x00000006   PAD
    0x08009828   0x08009828   0x00000028   Code   RO         2851    .text.SysTick_Handler  drv_common.o
    0x08009850   0x08009850   0x0000016c   Code   RO         2825    .text.SystemClock_Config  board.o
    0x080099bc   0x080099bc   0x00000004   PAD
    0x080099c0   0x080099c0   0x000002f4   Code   RO         1507    .text.SystemCoreClockUpdate  system_stm32h7xx.o
    0x08009cb4   0x08009cb4   0x00000004   PAD
    0x08009cb8   0x08009cb8   0x00000160   Code   RO         1505    .text.SystemInit    system_stm32h7xx.o
    0x08009e18   0x08009e18   0x000001b0   Code   RO          160    .text.TIM_Base_SetConfig  stm32h7xx_hal_tim.o
    0x08009fc8   0x08009fc8   0x00000036   Code   RO          194    .text.TIM_CCxChannelCmd  stm32h7xx_hal_tim.o
    0x08009ffe   0x08009ffe   0x00000002   PAD
    0x0800a000   0x0800a000   0x000000bc   Code   RO          204    .text.TIM_DMADelayPulseCplt  stm32h7xx_hal_tim.o
    0x0800a0bc   0x0800a0bc   0x00000004   PAD
    0x0800a0c0   0x0800a0c0   0x00000074   Code   RO          206    .text.TIM_DMADelayPulseHalfCplt  stm32h7xx_hal_tim.o
    0x0800a134   0x0800a134   0x00000004   PAD
    0x0800a138   0x0800a138   0x0000009a   Code   RO          180    .text.TIM_DMAError  stm32h7xx_hal_tim.o
    0x0800a1d2   0x0800a1d2   0x00000006   PAD
    0x0800a1d8   0x0800a1d8   0x00000150   Code   RO          304    .text.TIM_OC1_SetConfig  stm32h7xx_hal_tim.o
    0x0800a328   0x0800a328   0x0000016c   Code   RO          306    .text.TIM_OC2_SetConfig  stm32h7xx_hal_tim.o
    0x0800a494   0x0800a494   0x00000004   PAD
    0x0800a498   0x0800a498   0x0000016a   Code   RO          308    .text.TIM_OC3_SetConfig  stm32h7xx_hal_tim.o
    0x0800a602   0x0800a602   0x00000006   PAD
    0x0800a608   0x0800a608   0x000000da   Code   RO          310    .text.TIM_OC4_SetConfig  stm32h7xx_hal_tim.o
    0x0800a6e2   0x0800a6e2   0x00000006   PAD
    0x0800a6e8   0x0800a6e8   0x000000d0   Code   RO          312    .text.TIM_OC5_SetConfig  stm32h7xx_hal_tim.o
    0x0800a7b8   0x0800a7b8   0x000000d2   Code   RO          314    .text.TIM_OC6_SetConfig  stm32h7xx_hal_tim.o
    0x0800a88a   0x0800a88a   0x00000006   PAD
    0x0800a890   0x0800a890   0x00000094   Code   RO           20    .text.Threads_Init  threads.o
    0x0800a924   0x0800a924   0x00000004   PAD
    0x0800a928   0x0800a928   0x00000148   Code   RO         1316    .text.UART_AdvFeatureConfig  stm32h7xx_hal_uart.o
    0x0800aa70   0x0800aa70   0x00000146   Code   RO         1320    .text.UART_CheckIdleState  stm32h7xx_hal_uart.o
    0x0800abb6   0x0800abb6   0x00000002   PAD
    0x0800abb8   0x0800abb8   0x00000024   Code   RO         1402    .text.UART_DMAAbortOnError  stm32h7xx_hal_uart.o
    0x0800abdc   0x0800abdc   0x00000004   PAD
    0x0800abe0   0x0800abe0   0x00000080   Code   RO         1358    .text.UART_DMAError  stm32h7xx_hal_uart.o
    0x0800ac60   0x0800ac60   0x0000007a   Code   RO         1354    .text.UART_DMATransmitCplt  stm32h7xx_hal_uart.o
    0x0800acda   0x0800acda   0x00000006   PAD
    0x0800ace0   0x0800ace0   0x00000016   Code   RO         1356    .text.UART_DMATxHalfCplt  stm32h7xx_hal_uart.o
    0x0800acf6   0x0800acf6   0x00000002   PAD
    0x0800acf8   0x0800acf8   0x0000009e   Code   RO         1372    .text.UART_EndRxTransfer  stm32h7xx_hal_uart.o
    0x0800ad96   0x0800ad96   0x00000002   PAD
    0x0800ad98   0x0800ad98   0x00000044   Code   RO         1408    .text.UART_EndTransmit_IT  stm32h7xx_hal_uart.o
    0x0800addc   0x0800addc   0x00000004   PAD
    0x0800ade0   0x0800ade0   0x0000005c   Code   RO         1370    .text.UART_EndTxTransfer  stm32h7xx_hal_uart.o
    0x0800ae3c   0x0800ae3c   0x00000004   PAD
    0x0800ae40   0x0800ae40   0x00000922   Code   RO         1318    .text.UART_SetConfig  stm32h7xx_hal_uart.o
    0x0800b762   0x0800b762   0x00000006   PAD
    0x0800b768   0x0800b768   0x0000010c   Code   RO         1334    .text.UART_WaitOnFlagUntilTimeout  stm32h7xx_hal_uart.o
    0x0800b874   0x0800b874   0x00000004   PAD
    0x0800b878   0x0800b878   0x0000001a   Code   RO         2934    .text.USART1_IRQHandler  drv_usart_v2.o
    0x0800b892   0x0800b892   0x00000006   PAD
    0x0800b898   0x0800b898   0x00000004   Code   RO           64    .text.UsageFault_Handler  stm32h7xx_it.o
    0x0800b89c   0x0800b89c   0x00000004   PAD
    0x0800b8a0   0x0800b8a0   0x00000038   Code   RO         2867    .text._Error_Handler  drv_common.o
    0x0800b8d8   0x0800b8d8   0x00000038   Code   RO           97    .text.__NVIC_DisableIRQ  stm32h7xx_hal_cortex.o
    0x0800b910   0x0800b910   0x00000038   Code   RO         2952    .text.__NVIC_DisableIRQ  drv_usart_v2.o
    0x0800b948   0x0800b948   0x00000030   Code   RO           93    .text.__NVIC_EnableIRQ  stm32h7xx_hal_cortex.o
    0x0800b978   0x0800b978   0x00000010   Code   RO           85    .text.__NVIC_GetPriorityGrouping  stm32h7xx_hal_cortex.o
    0x0800b988   0x0800b988   0x00000042   Code   RO           87    .text.__NVIC_SetPriority  stm32h7xx_hal_cortex.o
    0x0800b9ca   0x0800b9ca   0x00000006   PAD
    0x0800b9d0   0x0800b9d0   0x00000042   Code   RO         2849    .text.__NVIC_SetPriority  drv_common.o
    0x0800ba12   0x0800ba12   0x00000006   PAD
    0x0800ba18   0x0800ba18   0x0000003c   Code   RO           81    .text.__NVIC_SetPriorityGrouping  stm32h7xx_hal_cortex.o
    0x0800ba54   0x0800ba54   0x00000004   PAD
    0x0800ba58   0x0800ba58   0x0000001c   Code   RO         2358    .text.__rt_ffs      cpuport.o
    0x0800ba74   0x0800ba74   0x00000004   PAD
    0x0800ba78   0x0800ba78   0x0000004c   Code   RO         1706    .text._check_and_update_prio  ipc.o
    0x0800bac4   0x0800bac4   0x00000004   PAD
    0x0800bac8   0x0800bac8   0x0000009c   Code   RO         2704    .text._completion_done  completion.o
    0x0800bb64   0x0800bb64   0x00000004   PAD
    0x0800bb68   0x0800bb68   0x0000002c   Code   RO         1886    .text._heap_lock    kservice.o
    0x0800bb94   0x0800bb94   0x00000004   PAD
    0x0800bb98   0x0800bb98   0x0000001a   Code   RO         1904    .text._heap_lock_init  kservice.o
    0x0800bbb2   0x0800bbb2   0x00000006   PAD
    0x0800bbb8   0x0800bbb8   0x00000040   Code   RO         1888    .text._heap_unlock  kservice.o
    0x0800bbf8   0x0800bbf8   0x00000014   Code   RO         1670    .text._ipc_object_init  ipc.o
    0x0800bc0c   0x0800bc0c   0x00000004   PAD
    0x0800bc10   0x0800bc10   0x00000038   Code   RO         1864    .text._kputs        kservice.o
    0x0800bc48   0x0800bc48   0x0000008e   Code   RO         1937    .text._memheap_alloc  memheap.o
    0x0800bcd6   0x0800bcd6   0x00000002   PAD
    0x0800bcd8   0x0800bcd8   0x00000010   Code   RO         1939    .text._memheap_free  memheap.o
    0x0800bce8   0x0800bce8   0x000000f8   Code   RO         2436    .text._msh_exec_cmd  msh.o
    0x0800bde0   0x0800bde0   0x00000036   Code   RO         1800    .text._mutex_update_priority  ipc.o
    0x0800be16   0x0800be16   0x00000002   PAD
    0x0800be18   0x0800be18   0x0000009e   Code   RO         2593    .text._pin_cmd      pin.o
    0x0800beb6   0x0800beb6   0x00000002   PAD
    0x0800beb8   0x0800beb8   0x00000010   Code   RO         2605    .text._pin_cmd_conv  pin.o
    0x0800bec8   0x0800bec8   0x00000058   Code   RO         2597    .text._pin_cmd_get  pin.o
    0x0800bf20   0x0800bf20   0x000000fa   Code   RO         2599    .text._pin_cmd_mode  pin.o
    0x0800c01a   0x0800c01a   0x00000006   PAD
    0x0800c020   0x0800c020   0x00000088   Code   RO         2595    .text._pin_cmd_print_usage  pin.o
    0x0800c0a8   0x0800c0a8   0x00000092   Code   RO         2601    .text._pin_cmd_read  pin.o
    0x0800c13a   0x0800c13a   0x00000006   PAD
    0x0800c140   0x0800c140   0x000000d2   Code   RO         2603    .text._pin_cmd_write  pin.o
    0x0800c212   0x0800c212   0x00000006   PAD
    0x0800c218   0x0800c218   0x0000005a   Code   RO         2577    .text._pin_control  pin.o
    0x0800c272   0x0800c272   0x00000006   PAD
    0x0800c278   0x0800c278   0x00000064   Code   RO         2573    .text._pin_read     pin.o
    0x0800c2dc   0x0800c2dc   0x00000004   PAD
    0x0800c2e0   0x0800c2e0   0x00000062   Code   RO         2575    .text._pin_write    pin.o
    0x0800c342   0x0800c342   0x00000006   PAD
    0x0800c348   0x0800c348   0x000003e2   Code   RO         1696    .text._rt_mutex_take  ipc.o
    0x0800c72a   0x0800c72a   0x00000006   PAD
    0x0800c730   0x0800c730   0x00000210   Code   RO         1656    .text._rt_sem_take  ipc.o
    0x0800c940   0x0800c940   0x0000006c   Code   RO         1882    .text._rt_system_heap_init  kservice.o
    0x0800c9ac   0x0800c9ac   0x00000004   PAD
    0x0800c9b0   0x0800c9b0   0x00000036   Code   RO         2087    .text._scheduler_get_highest_priority_thread  scheduler_up.o
    0x0800c9e6   0x0800c9e6   0x00000002   PAD
    0x0800c9e8   0x0800c9e8   0x0000003c   Code   RO         1646    .text._sem_object_init  ipc.o
    0x0800ca24   0x0800ca24   0x00000004   PAD
    0x0800ca28   0x0800ca28   0x0000011e   Code   RO         2644    .text._serial_fifo_rx  serial_v2.o
    0x0800cb46   0x0800cb46   0x00000002   PAD
    0x0800cb48   0x0800cb48   0x00000132   Code   RO         2646    .text._serial_fifo_tx_blocking_buf  serial_v2.o
    0x0800cc7a   0x0800cc7a   0x00000006   PAD
    0x0800cc80   0x0800cc80   0x000000f8   Code   RO         2648    .text._serial_fifo_tx_blocking_nbuf  serial_v2.o
    0x0800cd78   0x0800cd78   0x000000d6   Code   RO         2650    .text._serial_fifo_tx_nonblocking  serial_v2.o
    0x0800ce4e   0x0800ce4e   0x00000002   PAD
    0x0800ce50   0x0800ce50   0x000000aa   Code   RO         2618    .text._serial_poll_rx  serial_v2.o
    0x0800cefa   0x0800cefa   0x00000006   PAD
    0x0800cf00   0x0800cf00   0x000000aa   Code   RO         2620    .text._serial_poll_tx  serial_v2.o
    0x0800cfaa   0x0800cfaa   0x00000006   PAD
    0x0800cfb0   0x0800cfb0   0x00000044   Code   RO         2176    .text._thread_exit  thread.o
    0x0800cff4   0x0800cff4   0x00000004   PAD
    0x0800cff8   0x0800cff8   0x00000086   Code   RO         1682    .text._thread_get_mutex_priority  ipc.o
    0x0800d07e   0x0800d07e   0x00000002   PAD
    0x0800d080   0x0800d080   0x000000c8   Code   RO         2136    .text._thread_init  thread.o
    0x0800d148   0x0800d148   0x00000090   Code   RO         2168    .text._thread_set_suspend_state  thread.o
    0x0800d1d8   0x0800d1d8   0x0000016e   Code   RO         2156    .text._thread_sleep  thread.o
    0x0800d346   0x0800d346   0x00000002   PAD
    0x0800d348   0x0800d348   0x00000094   Code   RO         2180    .text._thread_timeout  thread.o
    0x0800d3dc   0x0800d3dc   0x00000004   PAD
    0x0800d3e0   0x0800d3e0   0x000000e4   Code   RO         1684    .text._thread_update_priority  ipc.o
    0x0800d4c4   0x0800d4c4   0x00000004   PAD
    0x0800d4c8   0x0800d4c8   0x00000068   Code   RO         2202    .text._timer_init   timer.o
    0x0800d530   0x0800d530   0x00000030   Code   RO         2208    .text._timer_remove  timer.o
    0x0800d560   0x0800d560   0x00000172   Code   RO         2216    .text._timer_start  timer.o
    0x0800d6d2   0x0800d6d2   0x00000006   PAD
    0x0800d6d8   0x0800d6d8   0x00000010   Code   RO         2206    .text._timerlock_idx  timer.o
    0x0800d6e8   0x0800d6e8   0x00000052   Code   RO         3011    .text.a_ina219_iic_read  driver_ina219.o
    0x0800d73a   0x0800d73a   0x00000006   PAD
    0x0800d740   0x0800d740   0x0000004e   Code   RO         3013    .text.a_ina219_iic_write  driver_ina219.o
    0x0800d78e   0x0800d78e   0x00000002   PAD
    0x0800d790   0x0800d790   0x00000130   Code   RO         3132    .text.addPath       netmanager.o
    0x0800d8c0   0x0800d8c0   0x000002e6   Code   RO         3140    .text.assignNets    netmanager.o
    0x0800dba6   0x0800dba6   0x00000002   PAD
    0x0800dba8   0x0800dba8   0x00000040   Code   RO         2886    .text.bit2bitno     drv_gpio.o
    0x0800dbe8   0x0800dbe8   0x00000852   Code   RO         3152    .text.bridgesToPaths  netmanager.o
    0x0800e43a   0x0800e43a   0x00000006   PAD
    0x0800e440   0x0800e440   0x000000fc   Code   RO         2360    .text.bus_fault_track  cpuport.o
    0x0800e53c   0x0800e53c   0x00000004   PAD
    0x0800e540   0x0800e540   0x00000012   Code   RO         2378    .text.clear         cmd.o
    0x0800e552   0x0800e552   0x00000006   PAD
    0x0800e558   0x0800e558   0x0000017a   Code   RO         3126    .text.clearAllConnections  netmanager.o
    0x0800e6d2   0x0800e6d2   0x00000006   PAD
    0x0800e6d8   0x0800e6d8   0x00000012   Code   RO         2432    .text.cmd_free      msh.o
    0x0800e6ea   0x0800e6ea   0x00000006   PAD
    0x0800e6f0   0x0800e6f0   0x000000b0   Code   RO         2412    .text.cmd_list      cmd.o
    0x0800e7a0   0x0800e7a0   0x00000012   Code   RO         2430    .text.cmd_ps        msh.o
    0x0800e7b2   0x0800e7b2   0x00000006   PAD
    0x0800e7b8   0x0800e7b8   0x0000005e   Code   RO         3138    .text.combineNets   netmanager.o
    0x0800e816   0x0800e816   0x00000002   PAD
    0x0800e818   0x0800e818   0x00000060   Code   RO           39    .text.connect       commands.o
    0x0800e878   0x0800e878   0x00000060   Code   RO           41    .text.disconnect    commands.o
    0x0800e8d8   0x0800e8d8   0x00000020   Code   RO           43    .text.disconnectAll  commands.o
    0x0800e8f8   0x0800e8f8   0x00000028   Code   RO         2273    .text.divide        kstdio.o
    0x0800e920   0x0800e920   0x000000ae   Code   RO         3142    .text.findStartAndEndChips  netmanager.o
    0x0800e9ce   0x0800e9ce   0x00000002   PAD
    0x0800e9d0   0x0800e9d0   0x000000b2   Code   RO         2490    .text.finsh_get_prompt  shell.o
    0x0800ea82   0x0800ea82   0x00000006   PAD
    0x0800ea88   0x0800ea88   0x000000ba   Code   RO         2496    .text.finsh_getchar  shell.o
    0x0800eb42   0x0800eb42   0x00000006   PAD
    0x0800eb48   0x0800eb48   0x00000042   Code   RO         2500    .text.finsh_rx_ind  shell.o
    0x0800eb8a   0x0800eb8a   0x00000006   PAD
    0x0800eb90   0x0800eb90   0x000000f0   Code   RO         2498    .text.finsh_set_device  shell.o
    0x0800ec80   0x0800ec80   0x00000052   Code   RO         2494    .text.finsh_set_prompt_mode  shell.o
    0x0800ecd2   0x0800ecd2   0x00000006   PAD
    0x0800ecd8   0x0800ecd8   0x00000022   Code   RO         2512    .text.finsh_system_function_init  shell.o
    0x0800ecfa   0x0800ecfa   0x00000006   PAD
    0x0800ed00   0x0800ed00   0x000000b4   Code   RO         2510    .text.finsh_system_init  shell.o
    0x0800edb4   0x0800edb4   0x00000004   PAD
    0x0800edb8   0x0800edb8   0x00000610   Code   RO         2514    .text.finsh_thread_entry  shell.o
    0x0800f3c8   0x0800f3c8   0x00000038   Code   RO           45    .text.getCurrent    commands.o
    0x0800f400   0x0800f400   0x0000003c   Code   RO         2918    .text.get_pin_irq_map  drv_gpio.o
    0x0800f43c   0x0800f43c   0x00000004   PAD
    0x0800f440   0x0800f440   0x00000012   Code   RO         2749    .text.get_scl       soft_i2c.o
    0x0800f452   0x0800f452   0x00000006   PAD
    0x0800f458   0x0800f458   0x00000012   Code   RO         2747    .text.get_sda       soft_i2c.o
    0x0800f46a   0x0800f46a   0x00000006   PAD
    0x0800f470   0x0800f470   0x00000092   Code   RO         2354    .text.hard_fault_track  cpuport.o
    0x0800f502   0x0800f502   0x00000006   PAD
    0x0800f508   0x0800f508   0x000001c4   Code   RO         2788    .text.i2c_bit_send_address  i2c-bit-ops.o
    0x0800f6cc   0x0800f6cc   0x00000004   PAD
    0x0800f6d0   0x0800f6d0   0x00000128   Code   RO         2782    .text.i2c_bit_xfer  i2c-bit-ops.o
    0x0800f7f8   0x0800f7f8   0x000000b0   Code   RO         2769    .text.i2c_bus_device_control  i2c_dev.o
    0x0800f8a8   0x0800f8a8   0x0000007a   Code   RO         2765    .text.i2c_bus_device_read  i2c_dev.o
    0x0800f922   0x0800f922   0x00000006   PAD
    0x0800f928   0x0800f928   0x0000007a   Code   RO         2767    .text.i2c_bus_device_write  i2c_dev.o
    0x0800f9a2   0x0800f9a2   0x00000006   PAD
    0x0800f9a8   0x0800f9a8   0x0000006c   Code   RO         2741    .text.i2c_bus_unlock  soft_i2c.o
    0x0800fa14   0x0800fa14   0x00000004   PAD
    0x0800fa18   0x0800fa18   0x00000016   Code   RO         2798    .text.i2c_delay     i2c-bit-ops.o
    0x0800fa2e   0x0800fa2e   0x00000002   PAD
    0x0800fa30   0x0800fa30   0x00000012   Code   RO         2804    .text.i2c_delay2    i2c-bit-ops.o
    0x0800fa42   0x0800fa42   0x00000006   PAD
    0x0800fa48   0x0800fa48   0x0000009e   Code   RO         2808    .text.i2c_readb     i2c-bit-ops.o
    0x0800fae6   0x0800fae6   0x00000002   PAD
    0x0800fae8   0x0800fae8   0x0000008a   Code   RO         2790    .text.i2c_recv_bytes  i2c-bit-ops.o
    0x0800fb72   0x0800fb72   0x00000006   PAD
    0x0800fb78   0x0800fb78   0x0000003c   Code   RO         2784    .text.i2c_restart   i2c-bit-ops.o
    0x0800fbb4   0x0800fbb4   0x00000004   PAD
    0x0800fbb8   0x0800fbb8   0x0000007e   Code   RO         2810    .text.i2c_send_ack_or_nack  i2c-bit-ops.o
    0x0800fc36   0x0800fc36   0x00000002   PAD
    0x0800fc38   0x0800fc38   0x00000068   Code   RO         2800    .text.i2c_send_address  i2c-bit-ops.o
    0x0800fca0   0x0800fca0   0x000000ae   Code   RO         2792    .text.i2c_send_bytes  i2c-bit-ops.o
    0x0800fd4e   0x0800fd4e   0x00000002   PAD
    0x0800fd50   0x0800fd50   0x00000026   Code   RO         2786    .text.i2c_start     i2c-bit-ops.o
    0x0800fd76   0x0800fd76   0x00000002   PAD
    0x0800fd78   0x0800fd78   0x00000036   Code   RO         2794    .text.i2c_stop      i2c-bit-ops.o
    0x0800fdae   0x0800fdae   0x00000002   PAD
    0x0800fdb0   0x0800fdb0   0x0000007a   Code   RO         2806    .text.i2c_waitack   i2c-bit-ops.o
    0x0800fe2a   0x0800fe2a   0x00000006   PAD
    0x0800fe30   0x0800fe30   0x0000008c   Code   RO         2802    .text.i2c_writeb    i2c-bit-ops.o
    0x0800febc   0x0800febc   0x00000004   PAD
    0x0800fec0   0x0800fec0   0x00000042   Code   RO         1610    .text.idle_thread_entry  idle.o
    0x0800ff02   0x0800ff02   0x00000006   PAD
    0x0800ff08   0x0800ff08   0x000001f0   Code   RO         3045    .text.ina219_calculate_calibration  driver_ina219.o
    0x080100f8   0x080100f8   0x000001c6   Code   RO         3049    .text.ina219_init   driver_ina219.o
    0x080102be   0x080102be   0x00000002   PAD
    0x080102c0   0x080102c0   0x000000a8   Code   RO         3039    .text.ina219_read_current  driver_ina219.o
    0x08010368   0x08010368   0x0000006a   Code   RO         3047    .text.ina219_set_calibration  driver_ina219.o
    0x080103d2   0x080103d2   0x00000006   PAD
    0x080103d8   0x080103d8   0x00000066   Code   RO         3128    .text.initPath      netmanager.o
    0x0801043e   0x0801043e   0x00000002   PAD
    0x08010440   0x08010440   0x000000f4   Code   RO         2827    .text.init_sram     board.o
    0x08010534   0x08010534   0x00000004   PAD
    0x08010538   0x08010538   0x00000122   Code   RO         2410    .text.list_device   cmd.o
    0x0801065a   0x0801065a   0x00000006   PAD
    0x08010660   0x08010660   0x00000132   Code   RO         2396    .text.list_event    cmd.o
    0x08010792   0x08010792   0x00000006   PAD
    0x08010798   0x08010798   0x00000042   Code   RO         2384    .text.list_find_init  cmd.o
    0x080107da   0x080107da   0x00000006   PAD
    0x080107e0   0x080107e0   0x000000e0   Code   RO         2388    .text.list_get_next  cmd.o
    0x080108c0   0x080108c0   0x00000164   Code   RO         2400    .text.list_mailbox  cmd.o
    0x08010a24   0x08010a24   0x00000004   PAD
    0x08010a28   0x08010a28   0x000000ee   Code   RO         2404    .text.list_memheap  cmd.o
    0x08010b16   0x08010b16   0x00000002   PAD
    0x08010b18   0x08010b18   0x00000168   Code   RO         2406    .text.list_mempool  cmd.o
    0x08010c80   0x08010c80   0x0000014c   Code   RO         2402    .text.list_msgqueue  cmd.o
    0x08010dcc   0x08010dcc   0x00000004   PAD
    0x08010dd0   0x08010dd0   0x0000017e   Code   RO         2398    .text.list_mutex    cmd.o
    0x08010f4e   0x08010f4e   0x00000002   PAD
    0x08010f50   0x08010f50   0x0000014c   Code   RO         2390    .text.list_sem      cmd.o
    0x0801109c   0x0801109c   0x00000004   PAD
    0x080110a0   0x080110a0   0x00000218   Code   RO         2382    .text.list_thread   cmd.o
    0x080112b8   0x080112b8   0x00000148   Code   RO         2408    .text.list_timer    cmd.o
    0x08011400   0x08011400   0x00000048   Code   RO           11    .text.main          main.o
    0x08011448   0x08011448   0x00000012   Code   RO         1565    .text.main_thread_entry  components.o
    0x0801145a   0x0801145a   0x00000006   PAD
    0x08011460   0x08011460   0x000000dc   Code   RO         2362    .text.mem_manage_fault_track  cpuport.o
    0x0801153c   0x0801153c   0x00000004   PAD
    0x08011540   0x08011540   0x000000c0   Code   RO         2438    .text.msh_auto_complete  msh.o
    0x08011600   0x08011600   0x00000068   Code   RO         2454    .text.msh_cmd_opt_id_get  msh.o
    0x08011668   0x08011668   0x000000ce   Code   RO         2434    .text.msh_exec      msh.o
    0x08011736   0x08011736   0x00000002   PAD
    0x08011738   0x08011738   0x00000058   Code   RO         2444    .text.msh_get_argc  msh.o
    0x08011790   0x08011790   0x00000060   Code   RO         2448    .text.msh_get_cmd   msh.o
    0x080117f0   0x080117f0   0x00000082   Code   RO         2446    .text.msh_get_cmd_opt  msh.o
    0x08011872   0x08011872   0x00000006   PAD
    0x08011878   0x08011878   0x00000062   Code   RO         2428    .text.msh_help      msh.o
    0x080118da   0x080118da   0x00000006   PAD
    0x080118e0   0x080118e0   0x00000078   Code   RO         2473    .text.msh_isint     msh_parse.o
    0x08011958   0x08011958   0x00000094   Code   RO         2442    .text.msh_opt_auto_complete  msh.o
    0x080119ec   0x080119ec   0x00000004   PAD
    0x080119f0   0x080119f0   0x000000a8   Code   RO         2452    .text.msh_opt_complete  msh.o
    0x08011a98   0x08011a98   0x00000040   Code   RO         2450    .text.msh_opt_help  msh.o
    0x08011ad8   0x08011ad8   0x0000004c   Code   RO         2456    .text.msh_opt_list_dump  msh.o
    0x08011b24   0x08011b24   0x00000004   PAD
    0x08011b28   0x08011b28   0x000001de   Code   RO         2458    .text.msh_split     msh.o
    0x08011d06   0x08011d06   0x00000002   PAD
    0x08011d08   0x08011d08   0x0000001e   Code   RO         3134    .text.nodeExchange  netmanager.o
    0x08011d26   0x08011d26   0x00000002   PAD
    0x08011d28   0x08011d28   0x00000024   Code   RO         2386    .text.object_split  cmd.o
    0x08011d4c   0x08011d4c   0x00000004   PAD
    0x08011d50   0x08011d50   0x00000036   Code   RO         2739    .text.pin_init      soft_i2c.o
    0x08011d86   0x08011d86   0x00000002   PAD
    0x08011d88   0x08011d88   0x00000034   Code   RO         2884    .text.pin_irq_hdr   drv_gpio.o
    0x08011dbc   0x08011dbc   0x00000004   PAD
    0x08011dc0   0x08011dc0   0x000000c2   Code   RO         3130    .text.printAllPaths  netmanager.o
    0x08011e82   0x08011e82   0x00000006   PAD
    0x08011e88   0x08011e88   0x000003d4   Code   RO         2257    .text.print_number  kstdio.o
    0x0801225c   0x0801225c   0x00000004   PAD
    0x08012260   0x08012260   0x00000012   Code   RO         2845    .text.reboot        drv_common.o
    0x08012272   0x08012272   0x00000006   PAD
    0x08012278   0x08012278   0x00000136   Code   RO         3136    .text.removePath    netmanager.o
    0x080123ae   0x080123ae   0x00000002   PAD
    0x080123b0   0x080123b0   0x00000052   Code   RO         1563    .text.rt_application_init  components.o
    0x08012402   0x08012402   0x00000006   PAD
    0x08012408   0x08012408   0x0000005a   Code   RO         1846    .text.rt_assert_handler  kservice.o
    0x08012462   0x08012462   0x00000006   PAD
    0x08012468   0x08012468   0x00000038   Code   RO         1866    .text.rt_backtrace  kservice.o
    0x080124a0   0x080124a0   0x0000005a   Code   RO         1868    .text.rt_backtrace_frame  kservice.o
    0x080124fa   0x080124fa   0x00000006   PAD
    0x08012500   0x08012500   0x00000030   Code   RO         1892    .text.rt_calloc     kservice.o
    0x08012530   0x08012530   0x00000010   Code   RO         2702    .text.rt_completion_done  completion.o
    0x08012540   0x08012540   0x0000002e   Code   RO         2698    .text.rt_completion_init  completion.o
    0x0801256e   0x0801256e   0x00000002   PAD
    0x08012570   0x08012570   0x000001d8   Code   RO         2700    .text.rt_completion_wait  completion.o
    0x08012748   0x08012748   0x00000034   Code   RO         1555    .text.rt_components_board_init  components.o
    0x0801277c   0x0801277c   0x00000004   PAD
    0x08012780   0x08012780   0x00000034   Code   RO         1557    .text.rt_components_init  components.o
    0x080127b4   0x080127b4   0x00000004   PAD
    0x080127b8   0x080127b8   0x0000000c   Code   RO         1856    .text.rt_console_get_device  kservice.o
    0x080127c4   0x080127c4   0x00000004   PAD
    0x080127c8   0x080127c8   0x00000070   Code   RO         1858    .text.rt_console_set_device  kservice.o
    0x08012838   0x08012838   0x0000000c   Code   RO         2111    .text.rt_critical_level  scheduler_up.o
    0x08012844   0x08012844   0x00000004   PAD
    0x08012848   0x08012848   0x0000005c   Code   RO         1614    .text.rt_defunct_execute  idle.o
    0x080128a4   0x080128a4   0x00000004   PAD
    0x080128a8   0x080128a8   0x000000aa   Code   RO         2551    .text.rt_device_close  device.o
    0x08012952   0x08012952   0x00000006   PAD
    0x08012958   0x08012958   0x00000012   Code   RO         2539    .text.rt_device_find  device.o
    0x0801296a   0x0801296a   0x00000006   PAD
    0x08012970   0x08012970   0x0000016c   Code   RO         2549    .text.rt_device_open  device.o
    0x08012adc   0x08012adc   0x00000004   PAD
    0x08012ae0   0x08012ae0   0x00000058   Code   RO         2571    .text.rt_device_pin_register  pin.o
    0x08012b38   0x08012b38   0x00000096   Code   RO         2553    .text.rt_device_read  device.o
    0x08012bce   0x08012bce   0x00000002   PAD
    0x08012bd0   0x08012bd0   0x00000052   Code   RO         2537    .text.rt_device_register  device.o
    0x08012c22   0x08012c22   0x00000006   PAD
    0x08012c28   0x08012c28   0x0000005a   Code   RO         2559    .text.rt_device_set_rx_indicate  device.o
    0x08012c82   0x08012c82   0x00000006   PAD
    0x08012c88   0x08012c88   0x00000096   Code   RO         2555    .text.rt_device_write  device.o
    0x08012d1e   0x08012d1e   0x00000002   PAD
    0x08012d20   0x08012d20   0x0000002a   Code   RO         2109    .text.rt_enter_critical  scheduler_up.o
    0x08012d4a   0x08012d4a   0x00000006   PAD
    0x08012d50   0x08012d50   0x00000056   Code   RO         2107    .text.rt_exit_critical  scheduler_up.o
    0x08012da6   0x08012da6   0x00000002   PAD
    0x08012da8   0x08012da8   0x0000000e   Code   RO         2105    .text.rt_exit_critical_safe  scheduler_up.o
    0x08012db6   0x08012db6   0x00000002   PAD
    0x08012db8   0x08012db8   0x00000048   Code   RO         1894    .text.rt_free       kservice.o
    0x08012e00   0x08012e00   0x00000040   Code   RO         1850    .text.rt_hw_backtrace_frame_unwind  kservice.o
    0x08012e40   0x08012e40   0x0000003e   Code   RO         2869    .text.rt_hw_board_init  drv_common.o
    0x08012e7e   0x08012e7e   0x00000002   PAD
    0x08012e80   0x08012e80   0x00000008   Code   RO         1860    .text.rt_hw_console_output  kservice.o
    0x08012e88   0x08012e88   0x00000012   Code   RO         2356    .text.rt_hw_cpu_reset  cpuport.o
    0x08012e9a   0x08012e9a   0x00000006   PAD
    0x08012ea0   0x08012ea0   0x00000190   Code   RO         2352    .text.rt_hw_hard_fault_exception  cpuport.o
    0x08013030   0x08013030   0x00000168   Code   RO         2902    .text.rt_hw_pin_init  drv_gpio.o
    0x08013198   0x08013198   0x00000214   Code   RO         2632    .text.rt_hw_serial_isr  serial_v2.o
    0x080133ac   0x080133ac   0x00000004   PAD
    0x080133b0   0x080133b0   0x00000090   Code   RO         2622    .text.rt_hw_serial_register  serial_v2.o
    0x08013440   0x08013440   0x00000080   Code   RO         2348    .text.rt_hw_stack_init  cpuport.o
    0x080134c0   0x080134c0   0x0000004e   Code   RO         2847    .text.rt_hw_systick_init  drv_common.o
    0x0801350e   0x0801350e   0x00000002   PAD
    0x08013510   0x08013510   0x0000009a   Code   RO         2863    .text.rt_hw_us_delay  drv_common.o
    0x080135aa   0x080135aa   0x00000006   PAD
    0x080135b0   0x080135b0   0x000000a0   Code   RO         2938    .text.rt_hw_usart_init  drv_usart_v2.o
    0x08013650   0x08013650   0x00000020   Code   RO         2780    .text.rt_i2c_bit_add_bus  i2c-bit-ops.o
    0x08013670   0x08013670   0x0000007a   Code   RO         2763    .text.rt_i2c_bus_device_device_init  i2c_dev.o
    0x080136ea   0x080136ea   0x00000006   PAD
    0x080136f0   0x080136f0   0x0000006e   Code   RO         2717    .text.rt_i2c_bus_device_register  i2c_core.o
    0x0801375e   0x0801375e   0x00000002   PAD
    0x08013760   0x08013760   0x0000005e   Code   RO         2723    .text.rt_i2c_control  i2c_core.o
    0x080137be   0x080137be   0x00000002   PAD
    0x080137c0   0x080137c0   0x00000076   Code   RO         2727    .text.rt_i2c_master_recv  i2c_core.o
    0x08013836   0x08013836   0x00000002   PAD
    0x08013838   0x08013838   0x00000054   Code   RO         2725    .text.rt_i2c_master_send  i2c_core.o
    0x0801388c   0x0801388c   0x00000004   PAD
    0x08013890   0x08013890   0x0000008e   Code   RO         2721    .text.rt_i2c_transfer  i2c_core.o
    0x0801391e   0x0801391e   0x00000002   PAD
    0x08013920   0x08013920   0x00000032   Code   RO         1814    .text.rt_interrupt_enter  irq.o
    0x08013952   0x08013952   0x00000006   PAD
    0x08013958   0x08013958   0x00000028   Code   RO         1822    .text.rt_interrupt_get_nest  irq.o
    0x08013980   0x08013980   0x00000032   Code   RO         1818    .text.rt_interrupt_leave  irq.o
    0x080139b2   0x080139b2   0x00000006   PAD
    0x080139b8   0x080139b8   0x00000052   Code   RO         1840    .text.rt_kprintf    kservice.o
    0x08013a0a   0x08013a0a   0x00000006   PAD
    0x08013a10   0x08013a10   0x00000010   Code   RO         1672    .text.rt_list_init  ipc.o
    0x08013a20   0x08013a20   0x00000010   Code   RO         2083    .text.rt_list_init  scheduler_up.o
    0x08013a30   0x08013a30   0x00000010   Code   RO         2178    .text.rt_list_init  thread.o
    0x08013a40   0x08013a40   0x00000010   Code   RO         2224    .text.rt_list_init  timer.o
    0x08013a50   0x08013a50   0x00000026   Code   RO         1602    .text.rt_list_insert_after  idle.o
    0x08013a76   0x08013a76   0x00000002   PAD
    0x08013a78   0x08013a78   0x00000026   Code   RO         1708    .text.rt_list_insert_after  ipc.o
    0x08013a9e   0x08013a9e   0x00000002   PAD
    0x08013aa0   0x08013aa0   0x00000026   Code   RO         1997    .text.rt_list_insert_after  object.o
    0x08013ac6   0x08013ac6   0x00000002   PAD
    0x08013ac8   0x08013ac8   0x00000026   Code   RO         2099    .text.rt_list_insert_after  scheduler_up.o
    0x08013aee   0x08013aee   0x00000002   PAD
    0x08013af0   0x08013af0   0x00000026   Code   RO         2228    .text.rt_list_insert_after  timer.o
    0x08013b16   0x08013b16   0x00000002   PAD
    0x08013b18   0x08013b18   0x00000026   Code   RO         1640    .text.rt_list_insert_before  ipc.o
    0x08013b3e   0x08013b3e   0x00000002   PAD
    0x08013b40   0x08013b40   0x00000026   Code   RO         2097    .text.rt_list_insert_before  scheduler_up.o
    0x08013b66   0x08013b66   0x00000002   PAD
    0x08013b68   0x08013b68   0x00000014   Code   RO         1632    .text.rt_list_isempty  ipc.o
    0x08013b7c   0x08013b7c   0x00000004   PAD
    0x08013b80   0x08013b80   0x00000014   Code   RO         2103    .text.rt_list_isempty  scheduler_up.o
    0x08013b94   0x08013b94   0x00000004   PAD
    0x08013b98   0x08013b98   0x00000014   Code   RO         2226    .text.rt_list_isempty  timer.o
    0x08013bac   0x08013bac   0x00000004   PAD
    0x08013bb0   0x08013bb0   0x00000014   Code   RO         2392    .text.rt_list_isempty  cmd.o
    0x08013bc4   0x08013bc4   0x00000004   PAD
    0x08013bc8   0x08013bc8   0x0000002e   Code   RO         2394    .text.rt_list_len   cmd.o
    0x08013bf6   0x08013bf6   0x00000002   PAD
    0x08013bf8   0x08013bf8   0x00000020   Code   RO         1606    .text.rt_list_remove  idle.o
    0x08013c18   0x08013c18   0x00000020   Code   RO         1680    .text.rt_list_remove  ipc.o
    0x08013c38   0x08013c38   0x00000020   Code   RO         2001    .text.rt_list_remove  object.o
    0x08013c58   0x08013c58   0x00000020   Code   RO         2053    .text.rt_list_remove  scheduler_comm.o
    0x08013c78   0x08013c78   0x00000020   Code   RO         2101    .text.rt_list_remove  scheduler_up.o
    0x08013c98   0x08013c98   0x00000020   Code   RO         2182    .text.rt_list_remove  thread.o
    0x08013cb8   0x08013cb8   0x00000020   Code   RO         2230    .text.rt_list_remove  timer.o
    0x08013cd8   0x08013cd8   0x0000004c   Code   RO         1884    .text.rt_malloc     kservice.o
    0x08013d24   0x08013d24   0x00000004   PAD
    0x08013d28   0x08013d28   0x000000da   Code   RO         2289    .text.rt_memcpy     kstring.o
    0x08013e02   0x08013e02   0x00000006   PAD
    0x08013e08   0x08013e08   0x0000022e   Code   RO         1927    .text.rt_memheap_alloc  memheap.o
    0x08014036   0x08014036   0x00000002   PAD
    0x08014038   0x08014038   0x000001de   Code   RO         1931    .text.rt_memheap_free  memheap.o
    0x08014216   0x08014216   0x00000002   PAD
    0x08014218   0x08014218   0x00000126   Code   RO         1923    .text.rt_memheap_init  memheap.o
    0x0801433e   0x0801433e   0x00000002   PAD
    0x08014340   0x08014340   0x00000082   Code   RO         2291    .text.rt_memmove    kstring.o
    0x080143c2   0x080143c2   0x00000006   PAD
    0x080143c8   0x080143c8   0x000000d0   Code   RO         2287    .text.rt_memset     kstring.o
    0x08014498   0x08014498   0x0000006e   Code   RO         1668    .text.rt_mutex_init  ipc.o
    0x08014506   0x08014506   0x00000002   PAD
    0x08014508   0x08014508   0x0000025a   Code   RO         1704    .text.rt_mutex_release  ipc.o
    0x08014762   0x08014762   0x00000006   PAD
    0x08014768   0x08014768   0x00000016   Code   RO         1694    .text.rt_mutex_take  ipc.o
    0x0801477e   0x0801477e   0x00000002   PAD
    0x08014780   0x08014780   0x000000f4   Code   RO         2003    .text.rt_object_allocate  object.o
    0x08014874   0x08014874   0x00000004   PAD
    0x08014878   0x08014878   0x000000c4   Code   RO         2005    .text.rt_object_delete  object.o
    0x0801493c   0x0801493c   0x00000004   PAD
    0x08014940   0x08014940   0x00000098   Code   RO         1999    .text.rt_object_detach  object.o
    0x080149d8   0x080149d8   0x000000c6   Code   RO         2011    .text.rt_object_find  object.o
    0x08014a9e   0x08014a9e   0x00000002   PAD
    0x08014aa0   0x08014aa0   0x00000068   Code   RO         1989    .text.rt_object_get_information  object.o
    0x08014b08   0x08014b08   0x00000032   Code   RO         2009    .text.rt_object_get_type  object.o
    0x08014b3a   0x08014b3a   0x00000006   PAD
    0x08014b40   0x08014b40   0x000000f2   Code   RO         1995    .text.rt_object_init  object.o
    0x08014c32   0x08014c32   0x00000006   PAD
    0x08014c38   0x08014c38   0x00000044   Code   RO         2007    .text.rt_object_is_systemobject  object.o
    0x08014c7c   0x08014c7c   0x00000004   PAD
    0x08014c80   0x08014c80   0x0000005e   Code   RO         2591    .text.rt_pin_get    pin.o
    0x08014cde   0x08014cde   0x00000002   PAD
    0x08014ce0   0x08014ce0   0x00000048   Code   RO         2585    .text.rt_pin_mode   pin.o
    0x08014d28   0x08014d28   0x00000040   Code   RO         2589    .text.rt_pin_read   pin.o
    0x08014d68   0x08014d68   0x00000046   Code   RO         2587    .text.rt_pin_write  pin.o
    0x08014dae   0x08014dae   0x00000002   PAD
    0x08014db0   0x08014db0   0x0000006e   Code   RO         2668    .text.rt_ringbuffer_data_len  ringbuffer.o
    0x08014e1e   0x08014e1e   0x00000002   PAD
    0x08014e20   0x08014e20   0x000000e8   Code   RO         2672    .text.rt_ringbuffer_get  ringbuffer.o
    0x08014f08   0x08014f08   0x00000084   Code   RO         2682    .text.rt_ringbuffer_getchar  ringbuffer.o
    0x08014f8c   0x08014f8c   0x00000004   PAD
    0x08014f90   0x08014f90   0x00000084   Code   RO         2664    .text.rt_ringbuffer_init  ringbuffer.o
    0x08015014   0x08015014   0x00000004   PAD
    0x08015018   0x08015018   0x000000f2   Code   RO         2666    .text.rt_ringbuffer_put  ringbuffer.o
    0x0801510a   0x0801510a   0x00000006   PAD
    0x08015110   0x08015110   0x00000090   Code   RO         2676    .text.rt_ringbuffer_putchar  ringbuffer.o
    0x080151a0   0x080151a0   0x00000048   Code   RO         2680    .text.rt_ringbuffer_status  ringbuffer.o
    0x080151e8   0x080151e8   0x000000c0   Code   RO         2091    .text.rt_sched_insert_thread  scheduler_up.o
    0x080152a8   0x080152a8   0x0000002c   Code   RO         2073    .text.rt_sched_lock  scheduler_up.o
    0x080152d4   0x080152d4   0x00000004   PAD
    0x080152d8   0x080152d8   0x0000006c   Code   RO         2089    .text.rt_sched_remove_thread  scheduler_up.o
    0x08015344   0x08015344   0x00000004   PAD
    0x08015348   0x08015348   0x00000086   Code   RO         2057    .text.rt_sched_thread_change_priority  scheduler_comm.o
    0x080153ce   0x080153ce   0x00000002   PAD
    0x080153d0   0x080153d0   0x00000012   Code   RO         2047    .text.rt_sched_thread_close  scheduler_comm.o
    0x080153e2   0x080153e2   0x00000006   PAD
    0x080153e8   0x080153e8   0x0000000e   Code   RO         2041    .text.rt_sched_thread_get_curr_prio  scheduler_comm.o
    0x080153f6   0x080153f6   0x00000002   PAD
    0x080153f8   0x080153f8   0x0000000e   Code   RO         2043    .text.rt_sched_thread_get_init_prio  scheduler_comm.o
    0x08015406   0x08015406   0x00000002   PAD
    0x08015408   0x08015408   0x00000012   Code   RO         2039    .text.rt_sched_thread_get_stat  scheduler_comm.o
    0x0801541a   0x0801541a   0x00000006   PAD
    0x08015420   0x08015420   0x00000024   Code   RO         2033    .text.rt_sched_thread_init_ctx  scheduler_comm.o
    0x08015444   0x08015444   0x00000004   PAD
    0x08015448   0x08015448   0x00000062   Code   RO         2095    .text.rt_sched_thread_init_priv  scheduler_up.o
    0x080154aa   0x080154aa   0x00000006   PAD
    0x080154b0   0x080154b0   0x00000012   Code   RO         2045    .text.rt_sched_thread_is_suspended  scheduler_comm.o
    0x080154c2   0x080154c2   0x00000006   PAD
    0x080154c8   0x080154c8   0x00000054   Code   RO         2051    .text.rt_sched_thread_ready  scheduler_comm.o
    0x0801551c   0x0801551c   0x00000004   PAD
    0x08015520   0x08015520   0x0000001c   Code   RO         2093    .text.rt_sched_thread_startup  scheduler_up.o
    0x0801553c   0x0801553c   0x00000004   PAD
    0x08015540   0x08015540   0x00000018   Code   RO         2035    .text.rt_sched_thread_timer_start  scheduler_comm.o
    0x08015558   0x08015558   0x0000003a   Code   RO         2037    .text.rt_sched_thread_timer_stop  scheduler_comm.o
    0x08015592   0x08015592   0x00000006   PAD
    0x08015598   0x08015598   0x0000001e   Code   RO         2049    .text.rt_sched_thread_yield  scheduler_comm.o
    0x080155b6   0x080155b6   0x00000002   PAD
    0x080155b8   0x080155b8   0x0000003c   Code   RO         2055    .text.rt_sched_tick_increase  scheduler_comm.o
    0x080155f4   0x080155f4   0x00000004   PAD
    0x080155f8   0x080155f8   0x00000012   Code   RO         2075    .text.rt_sched_unlock  scheduler_up.o
    0x0801560a   0x0801560a   0x00000006   PAD
    0x08015610   0x08015610   0x00000020   Code   RO         2077    .text.rt_sched_unlock_n_resched  scheduler_up.o
    0x08015630   0x08015630   0x000001e2   Code   RO         2079    .text.rt_schedule   scheduler_up.o
    0x08015812   0x08015812   0x00000006   PAD
    0x08015818   0x08015818   0x000000c6   Code   RO         2059    .text.rt_scheduler_stack_check  scheduler_comm.o
    0x080158de   0x080158de   0x00000002   PAD
    0x080158e0   0x080158e0   0x000000a0   Code   RO         1644    .text.rt_sem_init   ipc.o
    0x08015980   0x08015980   0x000000e6   Code   RO         1664    .text.rt_sem_release  ipc.o
    0x08015a66   0x08015a66   0x00000002   PAD
    0x08015a68   0x08015a68   0x00000016   Code   RO         1654    .text.rt_sem_take   ipc.o
    0x08015a7e   0x08015a7e   0x00000002   PAD
    0x08015a80   0x08015a80   0x00000080   Code   RO         2628    .text.rt_serial_close  serial_v2.o
    0x08015b00   0x08015b00   0x0000011a   Code   RO         2630    .text.rt_serial_control  serial_v2.o
    0x08015c1a   0x08015c1a   0x00000006   PAD
    0x08015c20   0x08015c20   0x0000007a   Code   RO         2638    .text.rt_serial_get_linear_buffer  serial_v2.o
    0x08015c9a   0x08015c9a   0x00000006   PAD
    0x08015ca0   0x08015ca0   0x0000007c   Code   RO         2624    .text.rt_serial_init  serial_v2.o
    0x08015d1c   0x08015d1c   0x00000004   PAD
    0x08015d20   0x08015d20   0x000000e4   Code   RO         2626    .text.rt_serial_open  serial_v2.o
    0x08015e04   0x08015e04   0x00000004   PAD
    0x08015e08   0x08015e08   0x000000c0   Code   RO         2652    .text.rt_serial_rx_disable  serial_v2.o
    0x08015ec8   0x08015ec8   0x000001a2   Code   RO         2640    .text.rt_serial_rx_enable  serial_v2.o
    0x0801606a   0x0801606a   0x00000006   PAD
    0x08016070   0x08016070   0x000000d6   Code   RO         2654    .text.rt_serial_tx_disable  serial_v2.o
    0x08016146   0x08016146   0x00000002   PAD
    0x08016148   0x08016148   0x00000222   Code   RO         2642    .text.rt_serial_tx_enable  serial_v2.o
    0x0801636a   0x0801636a   0x00000006   PAD
    0x08016370   0x08016370   0x000000b4   Code   RO         2636    .text.rt_serial_update_read_index  serial_v2.o
    0x08016424   0x08016424   0x00000004   PAD
    0x08016428   0x08016428   0x000000e8   Code   RO         2634    .text.rt_serial_update_write_index  serial_v2.o
    0x08016510   0x08016510   0x00000046   Code   RO         2269    .text.rt_set_errno  kstdio.o
    0x08016556   0x08016556   0x00000002   PAD
    0x08016558   0x08016558   0x00000054   Code   RO         1854    .text.rt_show_version  kservice.o
    0x080165ac   0x080165ac   0x00000004   PAD
    0x080165b0   0x080165b0   0x00000030   Code   RO         2259    .text.rt_snprintf   kstdio.o
    0x080165e0   0x080165e0   0x0000002a   Code   RO         1531    .text.rt_soft_atomic_add  clock.o
    0x0801660a   0x0801660a   0x00000006   PAD
    0x08016610   0x08016610   0x0000002a   Code   RO         1816    .text.rt_soft_atomic_add  irq.o
    0x0801663a   0x0801663a   0x00000006   PAD
    0x08016640   0x08016640   0x0000001e   Code   RO         1523    .text.rt_soft_atomic_load  clock.o
    0x0801665e   0x0801665e   0x00000002   PAD
    0x08016660   0x08016660   0x0000001e   Code   RO         1824    .text.rt_soft_atomic_load  irq.o
    0x0801667e   0x0801667e   0x00000002   PAD
    0x08016680   0x08016680   0x0000002a   Code   RO         1820    .text.rt_soft_atomic_sub  irq.o
    0x080166aa   0x080166aa   0x00000006   PAD
    0x080166b0   0x080166b0   0x00000102   Code   RO         2737    .text.rt_soft_i2c_init  soft_i2c.o
    0x080167b2   0x080167b2   0x00000006   PAD
    0x080167b8   0x080167b8   0x00000012   Code   RO         1581    .text.rt_spin_lock  cpu_up.o
    0x080167ca   0x080167ca   0x00000006   PAD
    0x080167d0   0x080167d0   0x00000008   Code   RO         1579    .text.rt_spin_lock_init  cpu_up.o
    0x080167d8   0x080167d8   0x0000001a   Code   RO         1585    .text.rt_spin_lock_irqsave  cpu_up.o
    0x080167f2   0x080167f2   0x00000006   PAD
    0x080167f8   0x080167f8   0x0000001c   Code   RO         1583    .text.rt_spin_unlock  cpu_up.o
    0x08016814   0x08016814   0x00000004   PAD
    0x08016818   0x08016818   0x00000024   Code   RO         1587    .text.rt_spin_unlock_irqrestore  cpu_up.o
    0x0801683c   0x0801683c   0x00000004   PAD
    0x08016840   0x08016840   0x00000056   Code   RO         2307    .text.rt_strcmp     kstring.o
    0x08016896   0x08016896   0x00000002   PAD
    0x08016898   0x08016898   0x0000006e   Code   RO         2265    .text.rt_strerror   kstdio.o
    0x08016906   0x08016906   0x00000002   PAD
    0x08016908   0x08016908   0x0000002c   Code   RO         2297    .text.rt_strlen     kstring.o
    0x08016934   0x08016934   0x00000004   PAD
    0x08016938   0x08016938   0x00000050   Code   RO         2305    .text.rt_strncmp    kstring.o
    0x08016988   0x08016988   0x0000005e   Code   RO         2301    .text.rt_strncpy    kstring.o
    0x080169e6   0x080169e6   0x00000002   PAD
    0x080169e8   0x080169e8   0x00000078   Code   RO         1630    .text.rt_susp_list_dequeue  ipc.o
    0x08016a60   0x08016a60   0x000000a6   Code   RO         1638    .text.rt_susp_list_enqueue  ipc.o
    0x08016b06   0x08016b06   0x00000002   PAD
    0x08016b08   0x08016b08   0x00000062   Code   RO         1642    .text.rt_susp_list_print  ipc.o
    0x08016b6a   0x08016b6a   0x00000006   PAD
    0x08016b70   0x08016b70   0x00000014   Code   RO         1880    .text.rt_system_heap_init  kservice.o
    0x08016b84   0x08016b84   0x00000004   PAD
    0x08016b88   0x08016b88   0x00000048   Code   RO         2081    .text.rt_system_scheduler_init  scheduler_up.o
    0x08016bd0   0x08016bd0   0x00000032   Code   RO         2085    .text.rt_system_scheduler_start  scheduler_up.o
    0x08016c02   0x08016c02   0x00000006   PAD
    0x08016c08   0x08016c08   0x0000003c   Code   RO         2236    .text.rt_system_timer_init  timer.o
    0x08016c44   0x08016c44   0x00000004   PAD
    0x08016c48   0x08016c48   0x00000002   Code   RO         2238    .text.rt_system_timer_thread_init  timer.o
    0x08016c4a   0x08016c4a   0x00000006   PAD
    0x08016c50   0x08016c50   0x0000009e   Code   RO         2148    .text.rt_thread_create  thread.o
    0x08016cee   0x08016cee   0x00000002   PAD
    0x08016cf0   0x08016cf0   0x00000040   Code   RO         1604    .text.rt_thread_defunct_dequeue  idle.o
    0x08016d30   0x08016d30   0x00000034   Code   RO         1600    .text.rt_thread_defunct_enqueue  idle.o
    0x08016d64   0x08016d64   0x00000004   PAD
    0x08016d68   0x08016d68   0x0000008c   Code   RO         1608    .text.rt_thread_idle_init  idle.o
    0x08016df4   0x08016df4   0x00000004   PAD
    0x08016df8   0x08016df8   0x000000b8   Code   RO         2134    .text.rt_thread_init  thread.o
    0x08016eb0   0x08016eb0   0x00000018   Code   RO         2162    .text.rt_thread_mdelay  thread.o
    0x08016ec8   0x08016ec8   0x0000009a   Code   RO         2142    .text.rt_thread_resume  thread.o
    0x08016f62   0x08016f62   0x00000006   PAD
    0x08016f68   0x08016f68   0x0000000c   Code   RO         2138    .text.rt_thread_self  thread.o
    0x08016f74   0x08016f74   0x00000004   PAD
    0x08016f78   0x08016f78   0x00000084   Code   RO         2140    .text.rt_thread_startup  thread.o
    0x08016ffc   0x08016ffc   0x00000004   PAD
    0x08017000   0x08017000   0x0000013a   Code   RO         2166    .text.rt_thread_suspend_to_list  thread.o
    0x0801713a   0x0801713a   0x00000006   PAD
    0x08017140   0x08017140   0x00000018   Code   RO         2160    .text.rt_thread_suspend_with_flag  thread.o
    0x08017158   0x08017158   0x00000062   Code   RO         1533    .text.rt_tick_from_millisecond  clock.o
    0x080171ba   0x080171ba   0x00000006   PAD
    0x080171c0   0x080171c0   0x00000010   Code   RO         1521    .text.rt_tick_get   clock.o
    0x080171d0   0x080171d0   0x0000005c   Code   RO         1529    .text.rt_tick_increase  clock.o
    0x0801722c   0x0801722c   0x00000004   PAD
    0x08017230   0x08017230   0x00000184   Code   RO         2222    .text.rt_timer_check  timer.o
    0x080173b4   0x080173b4   0x00000004   PAD
    0x080173b8   0x080173b8   0x00000142   Code   RO         2220    .text.rt_timer_control  timer.o
    0x080174fa   0x080174fa   0x00000006   PAD
    0x08017500   0x08017500   0x000000a4   Code   RO         2204    .text.rt_timer_detach  timer.o
    0x080175a4   0x080175a4   0x00000004   PAD
    0x080175a8   0x080175a8   0x000000a4   Code   RO         2200    .text.rt_timer_init  timer.o
    0x0801764c   0x0801764c   0x00000004   PAD
    0x08017650   0x08017650   0x000000dc   Code   RO         2214    .text.rt_timer_start  timer.o
    0x0801772c   0x0801772c   0x00000004   PAD
    0x08017730   0x08017730   0x000000bc   Code   RO         2218    .text.rt_timer_stop  timer.o
    0x080177ec   0x080177ec   0x00000004   PAD
    0x080177f0   0x080177f0   0x000006c8   Code   RO         2253    .text.rt_vsnprintf  kstdio.o
    0x08017eb8   0x08017eb8   0x00000004   Code   RO         1551    .text.rti_board_end  components.o
    0x08017ebc   0x08017ebc   0x00000004   PAD
    0x08017ec0   0x08017ec0   0x00000004   Code   RO         1549    .text.rti_board_start  components.o
    0x08017ec4   0x08017ec4   0x00000004   PAD
    0x08017ec8   0x08017ec8   0x00000004   Code   RO         1553    .text.rti_end       components.o
    0x08017ecc   0x08017ecc   0x00000004   PAD
    0x08017ed0   0x08017ed0   0x00000004   Code   RO         1547    .text.rti_start     components.o
    0x08017ed4   0x08017ed4   0x00000004   PAD
    0x08017ed8   0x08017ed8   0x0000002a   Code   RO         1561    .text.rtthread_startup  components.o
    0x08017f02   0x08017f02   0x00000006   PAD
    0x08017f08   0x08017f08   0x00000098   Code   RO         3154    .text.sendAllPaths  netmanager.o
    0x08017fa0   0x08017fa0   0x00000170   Code   RO         2990    .text.sendXYraw     ch446q.o
    0x08018110   0x08018110   0x00000016   Code   RO         2745    .text.set_scl       soft_i2c.o
    0x08018126   0x08018126   0x00000002   PAD
    0x08018128   0x08018128   0x00000016   Code   RO         2743    .text.set_sda       soft_i2c.o
    0x0801813e   0x0801813e   0x00000002   PAD
    0x08018140   0x08018140   0x00000036   Code   RO         2518    .text.shell_auto_complete  shell.o
    0x08018176   0x08018176   0x00000002   PAD
    0x08018178   0x08018178   0x00000030   Code   RO         2516    .text.shell_handle_history  shell.o
    0x080181a8   0x080181a8   0x0000010c   Code   RO         2520    .text.shell_push_history  shell.o
    0x080182b4   0x080182b4   0x00000004   PAD
    0x080182b8   0x080182b8   0x0000003c   Code   RO         2255    .text.skip_atoi     kstdio.o
    0x080182f4   0x080182f4   0x00000004   PAD
    0x080182f8   0x080182f8   0x0000019c   Code   RO         2942    .text.stm32_configure  drv_usart_v2.o
    0x08018494   0x08018494   0x00000004   PAD
    0x08018498   0x08018498   0x000001ba   Code   RO         2944    .text.stm32_control  drv_usart_v2.o
    0x08018652   0x08018652   0x00000006   PAD
    0x08018658   0x08018658   0x00000068   Code   RO         2948    .text.stm32_getc    drv_usart_v2.o
    0x080186c0   0x080186c0   0x0000012a   Code   RO         2910    .text.stm32_pin_attach_irq  drv_gpio.o
    0x080187ea   0x080187ea   0x00000006   PAD
    0x080187f0   0x080187f0   0x000000b0   Code   RO         2912    .text.stm32_pin_dettach_irq  drv_gpio.o
    0x080188a0   0x080188a0   0x000000ca   Code   RO         2916    .text.stm32_pin_get  drv_gpio.o
    0x0801896a   0x0801896a   0x00000006   PAD
    0x08018970   0x08018970   0x00000230   Code   RO         2914    .text.stm32_pin_irq_enable  drv_gpio.o
    0x08018ba0   0x08018ba0   0x000000b4   Code   RO         2904    .text.stm32_pin_mode  drv_gpio.o
    0x08018c54   0x08018c54   0x00000004   PAD
    0x08018c58   0x08018c58   0x00000068   Code   RO         2908    .text.stm32_pin_read  drv_gpio.o
    0x08018cc0   0x08018cc0   0x0000004e   Code   RO         2906    .text.stm32_pin_write  drv_gpio.o
    0x08018d0e   0x08018d0e   0x00000002   PAD
    0x08018d10   0x08018d10   0x00000060   Code   RO         2946    .text.stm32_putc    drv_usart_v2.o
    0x08018d70   0x08018d70   0x00000088   Code   RO         2950    .text.stm32_transmit  drv_usart_v2.o
    0x08018df8   0x08018df8   0x0000005e   Code   RO         2940    .text.stm32_uart_get_config  drv_usart_v2.o
    0x08018e56   0x08018e56   0x00000002   PAD
    0x08018e58   0x08018e58   0x00000072   Code   RO         2932    .text.stm32_uart_get_mask  drv_usart_v2.o
    0x08018eca   0x08018eca   0x00000006   PAD
    0x08018ed0   0x08018ed0   0x00000060   Code   RO         2440    .text.str_common    msh.o
    0x08018f30   0x08018f30   0x000002a2   Code   RO         2936    .text.uart_isr      drv_usart_v2.o
    0x080191d2   0x080191d2   0x00000006   PAD
    0x080191d8   0x080191d8   0x000000f0   Code   RO         2364    .text.usage_fault_track  cpuport.o
    0x080192c8   0x080192c8   0x0000000a   Code   RO         2380    .text.version       cmd.o
    0x080192d2   0x080192d2   0x00000006   PAD
    0x080192d8   0x080192d8   0x00000052   Code   RO         3148    .text.xMapForChipLane0  netmanager.o
    0x0801932a   0x0801932a   0x00000006   PAD
    0x08019330   0x08019330   0x00000078   Code   RO         3150    .text.xMapForChipLane1  netmanager.o
    0x080193a8   0x080193a8   0x00000052   Code   RO         3144    .text.xMapForNode   netmanager.o
    0x080193fa   0x080193fa   0x00000006   PAD
    0x08019400   0x08019400   0x00000052   Code   RO         3146    .text.yMapForNode   netmanager.o
    0x08019452   0x08019452   0x00000030   Code   RO         3250    i.__ARM_fpclassify  m_wv.l(fpclassify.o)
    0x08019482   0x08019482   0x00000002   PAD
    0x08019484   0x08019484   0x00000008   Code   RO         3279    i.__aeabi_errno_addr  mc_w.l(errno.o)
    0x0801948c   0x0801948c   0x00000004   PAD
    0x08019490   0x08019490   0x000008c4   Code   RO         3170    i.__hardfp_pow      m_wv.l(pow.o)
    0x08019d54   0x08019d54   0x00000070   Code   RO         3252    i.__kernel_poly     m_wv.l(poly.o)
    0x08019dc4   0x08019dc4   0x00000004   PAD
    0x08019dc8   0x08019dc8   0x00000018   Code   RO         3230    i.__mathlib_dbl_divzero  m_wv.l(dunder.o)
    0x08019de0   0x08019de0   0x00000006   Code   RO         3232    i.__mathlib_dbl_infnan2  m_wv.l(dunder.o)
    0x08019de6   0x08019de6   0x00000002   PAD
    0x08019de8   0x08019de8   0x00000018   Code   RO         3233    i.__mathlib_dbl_invalid  m_wv.l(dunder.o)
    0x08019e00   0x08019e00   0x00000018   Code   RO         3234    i.__mathlib_dbl_overflow  m_wv.l(dunder.o)
    0x08019e18   0x08019e18   0x00000018   Code   RO         3236    i.__mathlib_dbl_underflow  m_wv.l(dunder.o)
    0x08019e30   0x08019e30   0x0000000e   Code   RO         3299    i.__scatterload_copy  mc_w.l(handlers.o)
    0x08019e3e   0x08019e3e   0x00000002   Code   RO         3300    i.__scatterload_null  mc_w.l(handlers.o)
    0x08019e40   0x08019e40   0x0000000e   Code   RO         3301    i.__scatterload_zeroinit  mc_w.l(handlers.o)
    0x08019e4e   0x08019e4e   0x00000002   PAD
    0x08019e50   0x08019e50   0x0000000c   Code   RO         3281    i.__set_errno       mc_w.l(errno.o)
    0x08019e5c   0x08019e5c   0x00000018   Code   RO         3246    i.fabs              m_wv.l(fabs.o)
    0x08019e74   0x08019e74   0x0000006a   Code   RO         3257    i.sqrt              m_wv.l(sqrt.o)
    0x08019ede   0x08019ede   0x00000002   PAD
    0x08019ee0   0x08019ee0   0x00000088   Data   RO         3173    .constdata          m_wv.l(pow.o)
    0x08019f68   0x08019f68   0x00000081   Data   RO         3183    .constdata          mc_w.l(ctype_o.o)
    0x08019fe9   0x08019fe9   0x00000003   PAD
    0x08019fec   0x08019fec   0x00000004   Data   RO         3184    .constdata          mc_w.l(ctype_o.o)
    0x08019ff0   0x08019ff0   0x00000008   Data   RO         3254    .constdata          m_wv.l(qnan.o)
    0x08019ff8   0x08019ff8   0x00000010   Data   RO         1511    .rodata.D1CorePrescTable  system_stm32h7xx.o
    0x0801a008   0x0801a008   0x00000008   Data   RO          783    .rodata.DMA_CalcBaseAndBitshift.flagBitshiftOffset  stm32h7xx_hal_dma.o
    0x0801a010   0x0801a010   0x00000018   Data   RO         1452    .rodata.UARTPrescTable  stm32h7xx_hal_uart.o
    0x0801a028   0x0801a028   0x0000001c   Data   RO         2921    .rodata._stm32_pin_ops  drv_gpio.o
    0x0801a044   0x0801a044   0x0000007c   Data   RO         2418    .rodata.device_type_str  cmd.o
    0x0801a0c0   0x0801a0c0   0x0000000c   Data   RO         2812    .rodata.i2c_bit_bus_ops  i2c-bit-ops.o
    0x0801a0cc   0x0801a0cc   0x000000b4   Data   RO           47    .rodata.name        commands.o
    0x0801a180   0x0801a180   0x0000005d   Data   RO         2414    .rodata.name        cmd.o
    0x0801a1dd   0x0801a1dd   0x00000061   Data   RO         2460    .rodata.name        msh.o
    0x0801a23e   0x0801a23e   0x00000011   Data   RO         2609    .rodata.name        pin.o
    0x0801a24f   0x0801a24f   0x00000015   Data   RO         2871    .rodata.name        drv_common.o
    0x0801a264   0x0801a264   0x00000100   Data   RO         3159    .rodata.nodesToChip  netmanager.o
    0x0801a364   0x0801a364   0x00000040   Data   RO         2923    .rodata.pin_irq_map  drv_gpio.o
    0x0801a3a4   0x0801a3a4   0x00000011   Data   RO         2279    .rodata.print_number.large_digits  kstdio.o
    0x0801a3b5   0x0801a3b5   0x00000011   Data   RO         2278    .rodata.print_number.small_digits  kstdio.o
    0x0801a3c6   0x0801a3c6   0x00000002   PAD
    0x0801a3c8   0x0801a3c8   0x00000020   Data   RO         2754    .rodata.soft_i2c_ops  soft_i2c.o
    0x0801a3e8   0x0801a3e8   0x00000014   Data   RO         2956    .rodata.stm32_uart_ops  drv_usart_v2.o
    0x0801a3fc   0x0801a3fc   0x0000001c   Data   RO           26    .rodata.str1.1      threads.o
    0x0801a418   0x0801a418   0x00000034   Data   RO           52    .rodata.str1.1      commands.o
    0x0801a44c   0x0801a44c   0x0000002d   Data   RO         1539    .rodata.str1.1      clock.o
    0x0801a479   0x0801a479   0x00000028   Data   RO         1571    .rodata.str1.1      components.o
    0x0801a4a1   0x0801a4a1   0x00000008   Data   RO         1620    .rodata.str1.1      idle.o
    0x0801a4a9   0x0801a4a9   0x0000026e   Data   RO         1802    .rodata.str1.1      ipc.o
    0x0801a717   0x0801a717   0x00000193   Data   RO         1906    .rodata.str1.1      kservice.o
    0x0801a8aa   0x0801a8aa   0x00000112   Data   RO         1943    .rodata.str1.1      memheap.o
    0x0801a9bc   0x0801a9bc   0x000000c9   Data   RO         2025    .rodata.str1.1      object.o
    0x0801aa85   0x0801aa85   0x000000ea   Data   RO         2061    .rodata.str1.1      scheduler_comm.o
    0x0801ab6f   0x0801ab6f   0x00000048   Data   RO         2122    .rodata.str1.1      scheduler_up.o
    0x0801abb7   0x0801abb7   0x0000017c   Data   RO         2188    .rodata.str1.1      thread.o
    0x0801ad33   0x0801ad33   0x00000160   Data   RO         2242    .rodata.str1.1      timer.o
    0x0801ae93   0x0801ae93   0x00000087   Data   RO         2275    .rodata.str1.1      kstdio.o
    0x0801af1a   0x0801af1a   0x0000023d   Data   RO         2367    .rodata.str1.1      cpuport.o
    0x0801b157   0x0801b157   0x00000774   Data   RO         2417    .rodata.str1.1      cmd.o
    0x0801b8cb   0x0801b8cb   0x00000078   Data   RO         2464    .rodata.str1.1      msh.o
    0x0801b943   0x0801b943   0x000000b2   Data   RO         2527    .rodata.str1.1      shell.o
    0x0801b9f5   0x0801b9f5   0x00000103   Data   RO         2563    .rodata.str1.1      device.o
    0x0801baf8   0x0801baf8   0x000002a1   Data   RO         2608    .rodata.str1.1      pin.o
    0x0801bd99   0x0801bd99   0x00000348   Data   RO         2656    .rodata.str1.1      serial_v2.o
    0x0801c0e1   0x0801c0e1   0x0000006c   Data   RO         2690    .rodata.str1.1      ringbuffer.o
    0x0801c14d   0x0801c14d   0x00000079   Data   RO         2708    .rodata.str1.1      completion.o
    0x0801c1c6   0x0801c1c6   0x00000083   Data   RO         2729    .rodata.str1.1      i2c_core.o
    0x0801c249   0x0801c249   0x00000058   Data   RO         2751    .rodata.str1.1      soft_i2c.o
    0x0801c2a1   0x0801c2a1   0x00000070   Data   RO         2771    .rodata.str1.1      i2c_dev.o
    0x0801c311   0x0801c311   0x00000098   Data   RO         2813    .rodata.str1.1      i2c-bit-ops.o
    0x0801c3a9   0x0801c3a9   0x0000003c   Data   RO         2830    .rodata.str1.1      board.o
    0x0801c3e5   0x0801c3e5   0x0000003b   Data   RO         2874    .rodata.str1.1      drv_common.o
    0x0801c420   0x0801c420   0x00000024   Data   RO         2920    .rodata.str1.1      drv_gpio.o
    0x0801c444   0x0801c444   0x000000c2   Data   RO         2957    .rodata.str1.1      drv_usart_v2.o
    0x0801c506   0x0801c506   0x00000039   Data   RO         2978    .rodata.str1.1      stm32h7xx_hal_msp.o
    0x0801c53f   0x0801c53f   0x0000018f   Data   RO         3059    .rodata.str1.1      driver_ina219.o
    0x0801c6ce   0x0801c6ce   0x00000019   Data   RO         3081    .rodata.str1.1      ina219.o
    0x0801c6e7   0x0801c6e7   0x000000ab   Data   RO         3156    .rodata.str1.1      netmanager.o
    0x0801c792   0x0801c792   0x00000002   PAD
    0x0801c794   0x0801c794   0x00000004   Data   RO         1567    .rti_fn.0           components.o
    0x0801c798   0x0801c798   0x00000004   Data   RO         1568    .rti_fn.0.end       components.o
    0x0801c79c   0x0801c79c   0x00000004   Data   RO         2831    .rti_fn.1           board.o
    0x0801c7a0   0x0801c7a0   0x00000004   Data   RO         1569    .rti_fn.1.end       components.o
    0x0801c7a4   0x0801c7a4   0x00000004   Data   RO         2755    .rti_fn.2           soft_i2c.o
    0x0801c7a8   0x0801c7a8   0x00000004   Data   RO         2992    .rti_fn.3           ch446q.o
    0x0801c7ac   0x0801c7ac   0x00000004   Data   RO           29    .rti_fn.6           threads.o
    0x0801c7b0   0x0801c7b0   0x00000004   Data   RO         2529    .rti_fn.6           shell.o
    0x0801c7b4   0x0801c7b4   0x00000004   Data   RO         1570    .rti_fn.6.end       components.o
    0x0801c7b8   0x0801c7b8   0x00000010   Data   RO           48    FSymTab             commands.o
    0x0801c7c8   0x0801c7c8   0x00000010   Data   RO           49    FSymTab             commands.o
    0x0801c7d8   0x0801c7d8   0x00000010   Data   RO           50    FSymTab             commands.o
    0x0801c7e8   0x0801c7e8   0x00000010   Data   RO           51    FSymTab             commands.o
    0x0801c7f8   0x0801c7f8   0x00000010   Data   RO         2415    FSymTab             cmd.o
    0x0801c808   0x0801c808   0x00000010   Data   RO         2416    FSymTab             cmd.o
    0x0801c818   0x0801c818   0x00000010   Data   RO         2420    FSymTab             cmd.o
    0x0801c828   0x0801c828   0x00000010   Data   RO         2461    FSymTab             msh.o
    0x0801c838   0x0801c838   0x00000010   Data   RO         2462    FSymTab             msh.o
    0x0801c848   0x0801c848   0x00000010   Data   RO         2463    FSymTab             msh.o
    0x0801c858   0x0801c858   0x00000010   Data   RO         2610    FSymTab             pin.o
    0x0801c868   0x0801c868   0x00000010   Data   RO         2872    FSymTab             drv_common.o
    0x0801c878   0x0801c878   0x00000020   Data   RO         3298    Region$$Table       anon$$obj.o


    Execution Region RW_IRAM1 (Exec base: 0x24000000, Load base: 0x0801c898, Size: 0x0000b048, Max: 0x00080000, ABSOLUTE, COMPRESSED[0x00000328])

    Exec Addr    Load Addr    Size         Type   Attr      Idx    E Section Name        Object

    0x24000000   COMPRESSED   0x00000004   Data   RW         3282    .data               mc_w.l(errno.o)
    0x24000004   COMPRESSED   0x00000004   PAD
    0x24000008   COMPRESSED   0x00000038   Data   RW         3079    .data.Sensor_1      ina219.o
    0x24000040   COMPRESSED   0x00000038   Data   RW         3080    .data.Sensor_2      ina219.o
    0x24000078   COMPRESSED   0x00000004   Data   RW         1509    .data.SystemCoreClock  system_stm32h7xx.o
    0x2400007c   COMPRESSED   0x00000004   Data   RW         1510    .data.SystemD2Clock  system_stm32h7xx.o
    0x24000080   COMPRESSED   0x00000120   Data   RW         2024    .data._object_container  object.o
    0x240001a0   COMPRESSED   0x00000008   Data   RW         1619    .data._rt_thread_defunct  idle.o
    0x240001a8   COMPRESSED   0x00000004   Data   RW         2873    .data._systick_ms   drv_common.o
    0x240001ac   COMPRESSED   0x000002a0   Data   RW         3160    .data.ch            netmanager.o
    0x2400044c   COMPRESSED   0x00000084   Data   RW         2419    .data.cmd_list_msh_options  cmd.o
    0x240004d0   COMPRESSED   0x00000010   Data   RW         2752    .data.i2c_cfg       soft_i2c.o
    0x240004e0   COMPRESSED   0x00000dc0   Data   RW         3157    .data.net           netmanager.o
    0x240012a0   COMPRESSED   0x00000140   Data   RW         3158    .data.nodeStatus    netmanager.o
    0x240013e0   COMPRESSED   0x00000100   Data   RW         2922    .data.pin_irq_hdr_tab  drv_gpio.o
    0x240014e0   COMPRESSED   0x00000078   Data   RW         2276    .data.rt_errno_strs  kstdio.o
    0x24001558   COMPRESSED   0x0000000c   Data   RW         2955    .data.uart_config   drv_usart_v2.o
    0x24001564   COMPRESSED   0x00000004   Data   RW         1089    .data.uwTickPrio    stm32h7xx_hal.o
    0x24001568        -       0x00001860   Zero   RW         3118    .bss.Pixel_Buf      2812_driver.o
    0x24002dc8        -       0x00000004   Zero   RW         2277    .bss.__rt_errno     kstdio.o
    0x24002dcc        -       0x00000008   Zero   RW         2709    .bss._completion_lock  completion.o
    0x24002dd4        -       0x00000004   Zero   RW         1907    .bss._console_device  kservice.o
    0x24002dd8        -       0x00000008   Zero   RW         1618    .bss._defunct_spinlock  idle.o
    0x24002de0        -       0x00000004   Zero   RW         2528    .bss._finsh_thread_entry_hook  shell.o
    0x24002de4        -       0x00000070   Zero   RW         2837    .bss._heap_backup_sram  board.o
    0x24002e54        -       0x00000070   Zero   RW         2833    .bss._heap_sram1    board.o
    0x24002ec4        -       0x00000070   Zero   RW         2834    .bss._heap_sram2    board.o
    0x24002f34        -       0x00000070   Zero   RW         2835    .bss._heap_sram3    board.o
    0x24002fa4        -       0x00000070   Zero   RW         2836    .bss._heap_sram4    board.o
    0x24003014        -       0x00000008   Zero   RW         2244    .bss._htimer_lock   timer.o
    0x2400301c        -       0x00000048   Zero   RW         2607    .bss._hw_pin        pin.o
    0x24003064        -       0x00000034   Zero   RW         1915    .bss._lock          kservice.o
    0x24003098        -       0x00000004   Zero   RW         2522    .bss._syscall_table_begin  shell.o
    0x2400309c        -       0x00000004   Zero   RW         2523    .bss._syscall_table_end  shell.o
    0x240030a0        -       0x00000008   Zero   RW         2243    .bss._timer_list    timer.o
    0x240030a8        -       0x00000004   Zero   RW         2245    .bss._timer_start.random_nr  timer.o
    0x240030ac        -       0x00000008   Zero   RW         3163    .bss.findStartAndEndChips.bothNodes  netmanager.o
    0x240030b4        -       0x00000081   Zero   RW         2525    .bss.finsh_get_prompt.finsh_prompt  shell.o
    0x24003135   COMPRESSED   0x00000003   PAD
    0x24003138        -       0x00000004   Zero   RW         2524    .bss.finsh_prompt_custom  shell.o
    0x2400313c        -       0x00000078   Zero   RW         2832    .bss.hdma_tim1_ch1  board.o
    0x240031b4        -       0x0000004c   Zero   RW         2829    .bss.htim1          board.o
    0x24003200        -       0x000000ac   Zero   RW         2753    .bss.i2c_bus_obj    soft_i2c.o
    0x240032ac        -       0x00000010   Zero   RW         1617    .bss.idle_hook_list  idle.o
    0x240032bc        -       0x00000098   Zero   RW         1621    .bss.idle_thread    idle.o
    0x24003354   COMPRESSED   0x00000004   PAD
    0x24003358        -       0x00000100   Zero   RW         1622    .bss.idle_thread_stack  idle.o
    0x24003458        -       0x00000004   Zero   RW           31    .bss.mA             threads.o
    0x2400345c        -       0x00007474   Zero   RW         3161    .bss.path           netmanager.o
    0x2400a8d0        -       0x00000004   Zero   RW         2924    .bss.pin_irq_enable_mask  drv_gpio.o
    0x2400a8d4        -       0x00000002   Zero   RW           30    .bss.raw            threads.o
    0x2400a8d6   COMPRESSED   0x00000002   PAD
    0x2400a8d8        -       0x00000004   Zero   RW         1914    .bss.rt_assert_hook  kservice.o
    0x2400a8dc        -       0x00000001   Zero   RW         2121    .bss.rt_current_priority  scheduler_up.o
    0x2400a8dd   COMPRESSED   0x00000003   PAD
    0x2400a8e0        -       0x00000004   Zero   RW         2115    .bss.rt_current_thread  scheduler_up.o
    0x2400a8e4        -       0x00000004   Zero   RW         2366    .bss.rt_exception_hook  cpuport.o
    0x2400a8e8        -       0x00000004   Zero   RW         1912    .bss.rt_free_hook   kservice.o
    0x2400a8ec        -       0x00000004   Zero   RW         1828    .bss.rt_interrupt_enter_hook  irq.o
    0x2400a8f0        -       0x00000004   Zero   RW         2368    .bss.rt_interrupt_from_thread  cpuport.o
    0x2400a8f4        -       0x00000004   Zero   RW         1829    .bss.rt_interrupt_leave_hook  irq.o
    0x2400a8f8        -       0x00000004   Zero   RW         1830    .bss.rt_interrupt_nest  irq.o
    0x2400a8fc        -       0x00000004   Zero   RW         2369    .bss.rt_interrupt_to_thread  cpuport.o
    0x2400a900        -       0x00000080   Zero   RW         1908    .bss.rt_kprintf.rt_log_buf  kservice.o
    0x2400a980        -       0x00000004   Zero   RW         1909    .bss.rt_malloc_hook  kservice.o
    0x2400a984        -       0x00000004   Zero   RW         2019    .bss.rt_object_attach_hook  object.o
    0x2400a988        -       0x00000004   Zero   RW         2020    .bss.rt_object_detach_hook  object.o
    0x2400a98c        -       0x00000004   Zero   RW         2023    .bss.rt_object_put_hook  object.o
    0x2400a990        -       0x00000004   Zero   RW         2022    .bss.rt_object_take_hook  object.o
    0x2400a994        -       0x00000004   Zero   RW         2021    .bss.rt_object_trytake_hook  object.o
    0x2400a998        -       0x00000004   Zero   RW         2116    .bss.rt_scheduler_hook  scheduler_up.o
    0x2400a99c        -       0x00000002   Zero   RW         2118    .bss.rt_scheduler_lock_nest  scheduler_up.o
    0x2400a99e   COMPRESSED   0x00000002   PAD
    0x2400a9a0        -       0x00000004   Zero   RW         2117    .bss.rt_scheduler_switch_hook  scheduler_up.o
    0x2400a9a4        -       0x00000100   Zero   RW         2119    .bss.rt_thread_priority_table  scheduler_up.o
    0x2400aaa4        -       0x00000004   Zero   RW         2120    .bss.rt_thread_ready_priority_group  scheduler_up.o
    0x2400aaa8        -       0x00000004   Zero   RW         2187    .bss.rt_thread_resume_hook  thread.o
    0x2400aaac        -       0x00000004   Zero   RW         2186    .bss.rt_thread_suspend_hook  thread.o
    0x2400aab0        -       0x00000004   Zero   RW         2370    .bss.rt_thread_switch_interrupt_flag  cpuport.o
    0x2400aab4        -       0x00000004   Zero   RW         1538    .bss.rt_tick        clock.o
    0x2400aab8        -       0x00000004   Zero   RW         1537    .bss.rt_tick_hook   clock.o
    0x2400aabc        -       0x00000004   Zero   RW         2240    .bss.rt_timer_enter_hook  timer.o
    0x2400aac0        -       0x00000004   Zero   RW         2241    .bss.rt_timer_exit_hook  timer.o
    0x2400aac4        -       0x00000004   Zero   RW         2526    .bss.shell          shell.o
    0x2400aac8        -       0x00000070   Zero   RW         1913    .bss.system_heap    kservice.o
    0x2400ab38        -       0x00000004   Zero   RW           27    .bss.tid1           threads.o
    0x2400ab3c        -       0x00000004   Zero   RW           28    .bss.tid2           threads.o
    0x2400ab40        -       0x00000100   Zero   RW         2954    .bss.uart_obj       drv_usart_v2.o
    0x2400ac40        -       0x00000004   Zero   RW         1091    .bss.uwTick         stm32h7xx_hal.o
    0x2400ac44   COMPRESSED   0x00000004   PAD
    0x2400ac48        -       0x00000400   Zero   RW            1    STACK               startup_stm32h750xx.o


==============================================================================

Image component sizes


      Code (inc. data)   RO Data    RW Data    ZI Data      Debug   Object Name

       530          0          0          0       6240       3146   2812_driver.o
       938          0         64          0        756      13540   board.o
       490          0          4          0          0       1375   ch446q.o
       278          0         45          0          8       2151   clock.o
      4056         10       2173        132          0      15812   cmd.o
       280          4        296          0          0       2033   commands.o
       690          0        121          0          8       3636   completion.o
       272          0         56          0          0       3408   components.o
       316         28          0          0          0        812   context_rvds.o
       116          0          0          0          0       1293   cpu_up.o
      1432          0        573          0         16       4507   cpuport.o
      1024          0        259          0          0       6319   device.o
      1384         36        399          0          0      10995   driver_ina219.o
       554          0         96          4          0       8249   drv_common.o
      2354          0        128        256          4      13275   drv_gpio.o
      2314         30        214         12        256      14923   drv_usart_v2.o
      2034          0        164          0          0       9029   i2c-bit-ops.o
       548          0        131          0          0       6021   i2c_core.o
       542          0        112          0          0       5719   i2c_dev.o
       484          0          8          8        432       4460   idle.o
       352          0         25        112          0       5949   ina219.o
      3768          0        622          0          0      29190   ipc.o
       254          0          0          0         12       2072   irq.o
      1112          4        403          0        308      11118   kservice.o
      3044        168        169        120          4       7429   kstdio.o
       860          0          0          0          0       4077   kstring.o
        72          0          0          0          0        520   main.o
      1488          0        274          0          0       7812   memheap.o
      2228          0        265          0          0       6316   msh.o
       120          0          0          0          0       1277   msh_parse.o
      4976          0        427       4512      29820       8182   netmanager.o
      1324          0        201        288         20       7391   object.o
      1680          0        706          0         72       8197   pin.o
      1064          0        108          0          0       5026   ringbuffer.o
       738          0        234          0          0       4559   scheduler_comm.o
      1476          0         72          0        275       6752   scheduler_up.o
      4736         14        840          0          0      12121   serial_v2.o
      2888          0        182          0        149       9628   shell.o
       500          0        124         16        172       6357   soft_i2c.o
        36          8        664          0       1024        816   startup_stm32h750xx.o
       136          0          0          4          4      13747   stm32h7xx_hal.o
       554          0          0          0          0      11529   stm32h7xx_hal_cortex.o
     15542          8          8          0          0      12736   stm32h7xx_hal_dma.o
      1690          0          0          0          0       6962   stm32h7xx_hal_gpio.o
       582          0         57          0          0      10455   stm32h7xx_hal_msp.o
       162          0          0          0          0      10324   stm32h7xx_hal_pwr_ex.o
      5026         66          0          0          0      11860   stm32h7xx_hal_rcc.o
      6578         96          0          0          0      19239   stm32h7xx_hal_rcc_ex.o
      4480         36          0          0          0      37367   stm32h7xx_hal_tim.o
       618          0          0          0          0      17382   stm32h7xx_hal_tim_ex.o
      6216        258         24          0          0      29080   stm32h7xx_hal_uart.o
        24          0          0          0          0       8827   stm32h7xx_hal_uart_ex.o
        32          0          0          0          0        823   stm32h7xx_it.o
      1108         62         16          8          0       5784   system_stm32h7xx.o
      1976          0        380          0          8       9947   thread.o
       334          0         32          0         14       2959   threads.o
      2152         10        352          0         28       8343   timer.o

    ----------------------------------------------------------------------
    101962        850      11064       5472      39648     492856   Object Totals
         0          0         32          0          0          0   (incl. Generated)
      1400         12          4          0         18          0   (incl. Padding)

    ----------------------------------------------------------------------

      Code (inc. data)   RO Data    RW Data    ZI Data      Debug   Library Member Name

       102         52          0          0          0        580   dunder.o
        24          0          0          0          0        124   fabs.o
        48          0          0          0          0        124   fpclassify.o
       112          0          0          0          0        116   poly.o
      2244        252        136          0          0        320   pow.o
         0          0          8          0          0          0   qnan.o
       106          0          0          0          0        140   sqrt.o
        86          0          0          0          0          0   __dczerorl2.o
        28          0          0          0          0         68   _chval.o
       158          0          0          0          0         92   _strtoul.o
        26          0          0          0          0         80   atoi.o
         8          4        133          0          0         68   ctype_o.o
         0          0          0          0          0          0   entry.o
         0          0          0          0          0          0   entry10a.o
         0          0          0          0          0          0   entry11a.o
         8          4          0          0          0          0   entry2.o
         4          0          0          0          0          0   entry5.o
         0          0          0          0          0          0   entry7b.o
         0          0          0          0          0          0   entry8b.o
         8          4          0          0          0          0   entry9a.o
        20         10          0          4          0        136   errno.o
        30          0          0          0          0          0   handlers.o
        36          8          0          0          0         68   init.o
         0          0          0          0          0          0   iusefp.o
        30          0          0          0          0         68   llshl.o
        32          0          0          0          0         68   llushr.o
        26          0          0          0          0         80   memcmp.o
        36          0          0          0          0        108   memseta.o
        20          0          0          0          0         68   strchr.o
        28          0          0          0          0         76   strcmp.o
        18          0          0          0          0         68   strcpy.o
        14          0          0          0          0         68   strlen.o
        30          0          0          0          0         80   strncmp.o
        24          0          0          0          0         76   strncpy.o
       112          0          0          0          0         88   strtol.o
        98          0          0          0          0         92   uldiv.o
        46          0          0          0          0         80   dscalb.o

    ----------------------------------------------------------------------
      3582        338        280          8          0       2936   Library Totals
        20          4          3          4          0          0   (incl. Padding)

    ----------------------------------------------------------------------

      Code (inc. data)   RO Data    RW Data    ZI Data      Debug   Library Name

      2636        304        144          0          0       1404   m_wv.l
       880         30        133          4          0       1452   mc_w.l
        46          0          0          0          0         80   mf_w.l

    ----------------------------------------------------------------------
      3582        338        280          8          0       2936   Library Totals

    ----------------------------------------------------------------------

==============================================================================


      Code (inc. data)   RO Data    RW Data    ZI Data      Debug   

    105544       1188      11344       5480      39648     493268   Grand Totals
    105544       1188      11344        808      39648     493268   ELF Image Totals (compressed)
    105544       1188      11344        808          0          0   ROM Totals

==============================================================================

    Total RO  Size (Code + RO Data)               116888 ( 114.15kB)
    Total RW  Size (RW Data + ZI Data)             45128 (  44.07kB)
    Total ROM Size (Code + RO Data + RW Data)     117696 ( 114.94kB)

==============================================================================

